Archive member included to satisfy reference by file (symbol)

/opt/devkitpro/libnx/lib/libnx.a(applet.o)
                              main.o (appletMainLoop)
/opt/devkitpro/libnx/lib/libnx.a(sm.o)
                              /opt/devkitpro/libnx/lib/libnx.a(applet.o) (smGetServiceWrapper)
/opt/devkitpro/libnx/lib/libnx.a(default_window.o)
                              main.o (nwindowGetDefault)
/opt/devkitpro/libnx/lib/libnx.a(framebuffer.o)
                              main.o (framebufferMakeLinear)
/opt/devkitpro/libnx/lib/libnx.a(native_window.o)
                              /opt/devkitpro/libnx/lib/libnx.a(framebuffer.o) (nwindowIsValid)
/opt/devkitpro/libnx/lib/libnx.a(swkbd.o)
                              main.o (swkbdCreate)
/opt/devkitpro/libnx/lib/libnx.a(alloc.o)
                              /opt/devkitpro/libnx/lib/libnx.a(framebuffer.o) (__libnx_alloc)
/opt/devkitpro/libnx/lib/libnx.a(diag.o)
                              /opt/devkitpro/libnx/lib/libnx.a(applet.o) (diagAbortWithResult)
/opt/devkitpro/libnx/lib/libnx.a(env.o)
                              /opt/devkitpro/libnx/lib/libnx.a(applet.o) (envIsNso)
/opt/devkitpro/libnx/lib/libnx.a(hosversion.o)
                              /opt/devkitpro/libnx/lib/libnx.a(applet.o) (hosversionGet)
/opt/devkitpro/libnx/lib/libnx.a(pad.o)
                              main.o (padConfigureInput)
/opt/devkitpro/libnx/lib/libnx.a(console.o)
                              main.o (consoleInit)
/opt/devkitpro/libnx/lib/libnx.a(console_sw.o)
                              /opt/devkitpro/libnx/lib/libnx.a(console.o) (getDefaultConsoleRenderer)
/opt/devkitpro/libnx/lib/libnx.a(fs_dev.o)
                              main.o (fsdevMountSdmc)
/opt/devkitpro/libnx/lib/libnx.a(path_buf.o)
                              /opt/devkitpro/libnx/lib/libnx.a(fs_dev.o) (__nx_dev_path_buf)
/opt/devkitpro/libnx/lib/libnx.a(romfs_dev.o)
                              main.o (romfsMountSelf)
/opt/devkitpro/libnx/lib/libnx.a(socket.o)
                              main.o (socketExit)
/opt/devkitpro/libnx/lib/libnx.a(inet_addr.o)
                              main.o (inet_pton)
/opt/devkitpro/libnx/lib/libnx.a(decode_utf8.o)
                              /opt/devkitpro/libnx/lib/libnx.a(fs_dev.o) (decode_utf8)
/opt/devkitpro/libnx/lib/libnx.a(utf16_to_utf8.o)
                              /opt/devkitpro/libnx/lib/libnx.a(swkbd.o) (utf16_to_utf8)
/opt/devkitpro/libnx/lib/libnx.a(utf8_to_utf16.o)
                              /opt/devkitpro/libnx/lib/libnx.a(swkbd.o) (utf8_to_utf16)
/opt/devkitpro/libnx/lib/libnx.a(cache.o)
                              /opt/devkitpro/libnx/lib/libnx.a(framebuffer.o) (armDCacheFlush)
/opt/devkitpro/libnx/lib/libnx.a(svc.o)
                              /opt/devkitpro/libnx/lib/libnx.a(applet.o) (svcExitProcess)
/opt/devkitpro/libnx/lib/libnx.a(readtp.o)
                              /opt/devkitpro/libnx/lib/libnx.a(fs_dev.o) (__aarch64_read_tp)
/opt/devkitpro/libnx/lib/libnx.a(switch_crt0.o)
                              (_start)
/opt/devkitpro/libnx/lib/libnx.a(default_font.bin.o)
                              /opt/devkitpro/libnx/lib/libnx.a(console.o) (default_font_bin)
/opt/devkitpro/libnx/lib/libnx.a(event.o)
                              /opt/devkitpro/libnx/lib/libnx.a(applet.o) (eventLoadRemote)
/opt/devkitpro/libnx/lib/libnx.a(mutex.o)
                              /opt/devkitpro/libnx/lib/libnx.a(applet.o) (mutexLock)
/opt/devkitpro/libnx/lib/libnx.a(tmem.o)
                              /opt/devkitpro/libnx/lib/libnx.a(applet.o) (tmemCreate)
/opt/devkitpro/libnx/lib/libnx.a(virtmem.o)
                              /opt/devkitpro/libnx/lib/libnx.a(tmem.o) (virtmemLock)
/opt/devkitpro/libnx/lib/libnx.a(wait.o)
                              /opt/devkitpro/libnx/lib/libnx.a(applet.o) (waitObjects)
/opt/devkitpro/libnx/lib/libnx.a(apm.o)
                              /opt/devkitpro/libnx/lib/libnx.a(applet.o) (apmInitialize)
/opt/devkitpro/libnx/lib/libnx.a(bsd.o)
                              /opt/devkitpro/libnx/lib/libnx.a(socket.o) (g_bsdResult)
/opt/devkitpro/libnx/lib/libnx.a(fs.o)
                              /opt/devkitpro/libnx/lib/libnx.a(fs_dev.o) (fsOpenSdCardFileSystem)
/opt/devkitpro/libnx/lib/libnx.a(hid.o)
                              /opt/devkitpro/libnx/lib/libnx.a(pad.o) (hidGetNpadStyleSet)
/opt/devkitpro/libnx/lib/libnx.a(nifm.o)
                              /opt/devkitpro/libnx/lib/libnx.a(socket.o) (nifmRequestRegisterSocketDescriptor)
/opt/devkitpro/libnx/lib/libnx.a(nv.o)
                              /opt/devkitpro/libnx/lib/libnx.a(framebuffer.o) (nvInitialize)
/opt/devkitpro/libnx/lib/libnx.a(ssl.o)
                              /opt/devkitpro/libnx/lib/libnx.a(socket.o) (sslConnectionSetSocketDescriptor)
/opt/devkitpro/libnx/lib/libnx.a(time.o)
                              /opt/devkitpro/libnx/lib/libnx.a(fs_dev.o) (timeToPosixTimeWithMyRule)
/opt/devkitpro/libnx/lib/libnx.a(vi.o)
[...]
Memory Configuration

Name             Origin             Length             Attributes
*default*        0x0000000000000000 0xffffffffffffffff

Linker script and memory map

                0x0000000000000000                PROVIDE (__start__ = 0x0)
                0x0000000000000000                . = __start__
                [!provide]                        PROVIDE (__code_start = .)

.text           0x0000000000000000    0x39848
 *(.crt0)
 .crt0          0x0000000000000000      0x130 /opt/devkitpro/libnx/lib/libnx.a(switch_crt0.o)
                0x0000000000000000                _start
                0x00000000000000e0                __nx_exit
                0x00000000000000f0                __nx_mod0
 *(.text.unlikely .text.*_unlikely .text.unlikely.*)
 .text.unlikely._ZSt9terminatev
                0x0000000000000130       0x10 /opt/devkitpro/devkitA64/lib/gcc/aarch64-none-elf/15.2.0/../../../../aarch64-none-elf/lib/pic/libstdc++.a(eh_terminate.o)
                0x0000000000000130                std::terminate()
 .text.unlikely._ZSt10unexpectedv
                0x0000000000000140       0x10 /opt/devkitpro/devkitA64/lib/gcc/aarch64-none-elf/15.2.0/../../../../aarch64-none-elf/lib/pic/libstdc++.a(eh_terminate.o)
                0x0000000000000140                std::unexpected()
 .text.unlikely._ZSt19__throw_logic_errorPKc
                0x0000000000000150       0x50 /opt/devkitpro/devkitA64/lib/gcc/aarch64-none-elf/15.2.0/../../../../aarch64-none-elf/lib/pic/libstdc++.a(functexcept.o)
                0x0000000000000150                std::__throw_logic_error(char const*)
 .text.unlikely._ZSt20__throw_length_errorPKc
                0x00000000000001a0       0x50 /opt/devkitpro/devkitA64/lib/gcc/aarch64-none-elf/15.2.0/../../../../aarch64-none-elf/lib/pic/libstdc++.a(functexcept.o)
                0x00000000000001a0                std::__throw_length_error(char const*)
 .text.unlikely._ZNSt7__cxx1112basic_stringIcSt11char_traitsIcESaIcEE15_M_replace_coldEPcmPKcmm
                0x00000000000001f0      0x180 /opt/devkitpro/devkitA64/lib/gcc/aarch64-none-elf/15.2.0/../../../../aarch64-none-elf/lib/pic/libstdc++.a(string-inst.o)
                0x00000000000001f0                std::__cxx11::basic_string<char, std::char_traits<char>, std::allocator<char> >::_M_replace_cold(char*, unsigned long, char const*, unsigned long, unsigned long)
 .text.unlikely._ZSt20__throw_system_errori
                0x0000000000000370       0xb4 /opt/devkitpro/devkitA64/lib/gcc/aarch64-none-elf/15.2.0/../../../../aarch64-none-elf/lib/pic/libstdc++.a(system_error.o)
                0x0000000000000370                std::__throw_system_error(int)
 .text.unlikely._ZN9__gnu_cxx30__throw_concurrence_lock_errorEv
                0x0000000000000424       0x34 /opt/devkitpro/devkitA64/lib/gcc/aarch64-none-elf/15.2.0/../../../../aarch64-none-elf/lib/pic/libstdc++.a(eh_alloc.o)
                0x0000000000000424                __gnu_cxx::__throw_concurrence_lock_error()
 .text.unlikely._ZN9__gnu_cxx32__throw_concurrence_unlock_errorEv
                0x0000000000000458       0x34 /opt/devkitpro/devkitA64/lib/gcc/aarch64-none-elf/15.2.0/../../../../aarch64-none-elf/lib/pic/libstdc++.a(eh_alloc.o)
                0x0000000000000458                __gnu_cxx::__throw_concurrence_unlock_error()
 .text.unlikely.__cxa_call_terminate
                0x000000000000048c       0x44 /opt/devkitpro/devkitA64/lib/gcc/aarch64-none-elf/15.2.0/../../../../aarch64-none-elf/lib/pic/libstdc++.a(eh_call.o)
                0x000000000000048c                __cxa_call_terminate
 *(.text.exit .text.exit.*)
 .text.exit._GLOBAL__sub_D__Z9glyph_forc
                0x00000000000004d0       0x34 main.o
 *fill*         0x0000000000000504       0x1c 
 .text.exit._GLOBAL__sub_D_eh_alloc.cc
                0x0000000000000520       0x14 /opt/devkitpro/devkitA64/lib/gcc/aarch64-none-elf/15.2.0/../../../../aarch64-none-elf/lib/pic/libstdc++.a(eh_alloc.o)
 *fill*         0x0000000000000534        0xc 
 .text.exit._GLOBAL__sub_D_eh_globals.cc
                0x0000000000000540       0x34 /opt/devkitpro/devkitA64/lib/gcc/aarch64-none-elf/15.2.0/../../../../aarch64-none-elf/lib/pic/libstdc++.a(eh_globals.o)
 *fill*         0x0000000000000574        0xc 
 .text.exit     0x0000000000000580       0x34 /opt/devkitpro/devkitA64/lib/gcc/aarch64-none-elf/15.2.0/../../../../aarch64-none-elf/lib/pic/libg.a(libc_a-exit.o)
                0x0000000000000580                exit
 *(.text.startup .text.startup.*)
 *fill*         0x00000000000005b4        0xc 
 .text.startup.main
                0x00000000000005c0     0x111c main.o
                0x00000000000005c0                main
 *fill*         0x00000000000016dc        0x4 
 .text.startup._GLOBAL__sub_I__Z9glyph_forc
                0x00000000000016e0       0xa0 main.o
 .text.startup._GLOBAL__sub_I_eh_alloc.cc
                0x0000000000001780      0x1f0 /opt/devkitpro/devkitA64/lib/gcc/aarch64-none-elf/15.2.0/../../../../aarch64-none-elf/lib/pic/libstdc++.a(eh_alloc.o)
 *fill*         0x0000000000001970       0x10 
 .text.startup._GLOBAL__sub_I_eh_globals.cc
                0x0000000000001980       0x38 /opt/devkitpro/devkitA64/lib/gcc/aarch64-none-elf/15.2.0/../../../../aarch64-none-elf/lib/pic/libstdc++.a(eh_globals.o)
 *(.text.hot .text.hot.*)
 *(.text .stub .text.* .gnu.linkonce.t.*)
 *fill*         0x00000000000019b8        0x8 
 .text.__do_global_dtors_aux
                0x00000000000019c0       0x50 /opt/devkitpro/devkitA64/lib/gcc/aarch64-none-elf/15.2.0/pic/crtbegin.o
 *fill*         0x0000000000001a10       0x10 
 .text.frame_dummy
                0x0000000000001a20       0x24 /opt/devkitpro/devkitA64/lib/gcc/aarch64-none-elf/15.2.0/pic/crtbegin.o
 *fill*         0x0000000000001a44        0xc 
 .text._ZNSt6thread24_M_thread_deps_never_runEv
                0x0000000000001a50        0x4 main.o
                0x0000000000001a50                std::thread::_M_thread_deps_never_run()
 *fill*         0x0000000000001a54        0xc 
 .text._ZNSt6thread11_State_implINS_8_InvokerISt5tupleIJPFvNSt7__cxx1112basic_stringIcSt11char_traitsIcESaIcEEEES8_EEEEED2Ev
                0x0000000000001a60       0x54 main.o
                0x0000000000001a60                std::thread::_State_impl<std::thread::_Invoker<std::tuple<void (*)(std::__cxx11::basic_string<char, std::char_traits<char>, std::allocator<char> >), std::__cxx11::basic_string<char, std::char_traits<char>, std::allocator<char> > > > >::~_State_impl()
                0x0000000000001a60                std::thread::_State_impl<std::thread::_Invoker<std::tuple<void (*)(std::__cxx11::basic_string<char, std::char_traits<char>, std::allocator<char> >), std::__cxx11::basic_string<char, std::char_traits<char>, std::allocator<char> > > > >::~_State_impl()
 *fill*         0x0000000000001ab4        0xc 
 .text._ZNSt6thread11_State_implINS_8_InvokerISt5tupleIJPFvNSt7__cxx1112basic_stringIcSt11char_traitsIcESaIcEEEES8_EEEEED0Ev
                0x0000000000001ac0       0x58 main.o
                0x0000000000001ac0                std::thread::_State_impl<std::thread::_Invoker<std::tuple<void (*)(std::__cxx11::basic_string<char, std::char_traits<char>, std::allocator<char> >), std::__cxx11::basic_string<char, std::char_traits<char>, std::allocator<char> > > > >::~_State_impl()
 *fill*         0x0000000000001b18        0x8 
 .text._ZNSt6thread11_State_implINS_8_InvokerISt5tupleIJPFvNSt7__cxx1112basic_stringIcSt11char_traitsIcESaIcEEEES8_EEEEE6_M_runEv
                0x0000000000001b20       0xb0 main.o
                0x0000000000001b20                std::thread::_State_impl<std::thread::_Invoker<std::tuple<void (*)(std::__cxx11::basic_string<char, std::char_traits<char>, std::allocator<char> >), std::__cxx11::basic_string<char, std::char_traits<char>, std::allocator<char> > > > >::_M_run()
 .text._Z9glyph_forc
                0x0000000000001bd0      0x474 main.o
                0x0000000000001bd0                glyph_for(char)
 *fill*         0x0000000000002044        0xc 
 .text._Z9fill_rectR6Canvasiiiij
                0x0000000000002050       0x80 main.o
                0x0000000000002050                fill_rect(Canvas&, int, int, int, int, unsigned int)
 .text._Z11stroke_rectR6Canvasiiiij
                0x00000000000020d0       0x68 main.o
                0x00000000000020d0                stroke_rect(Canvas&, int, int, int, int, unsigned int)
 *fill*         0x0000000000002138        0x8 
 .text._Z14load_config_ipRNSt7__cxx1112basic_stringIcSt11char_traitsIcESaIcEEE
                0x0000000000002140      0x1b0 main.o
                0x0000000000002140                load_config_ip(std::__cxx11::basic_string<char, std::char_traits<char>, std::allocator<char> >&)
 .text._Z14save_config_ipRKNSt7__cxx1112basic_stringIcSt11char_traitsIcESaIcEEE
                0x00000000000022f0       0x78 main.o
                0x00000000000022f0                save_config_ip(std::__cxx11::basic_string<char, std::char_traits<char>, std::allocator<char> > const&)
 *fill*         0x0000000000002368        0x8 
 .text._Z20get_ip_from_keyboardRNSt7__cxx1112basic_stringIcSt11char_traitsIcESaIcEEE
                0x0000000000002370      0x220 main.o
                0x0000000000002370                get_ip_from_keyboard(std::__cxx11::basic_string<char, std::char_traits<char>, std::allocator<char> >&)
 .text._Z16http_post_motorsRKNSt7__cxx1112basic_stringIcSt11char_traitsIcESaIcEEEiffff
                0x0000000000002590      0xab4 main.o
                0x0000000000002590                http_post_motors(std::__cxx11::basic_string<char, std::char_traits<char>, std::allocator<char> > const&, int, float, float, float, float)
 *fill*         0x0000000000003044        0xc 
 .text._Z14draw_bmp_frameR6CanvasRKSt6vectorIhSaIhEE
                0x0000000000003050       0xc4 main.o
                0x0000000000003050                draw_bmp_frame(Canvas&, std::vector<unsigned char, std::allocator<unsigned char> > const&)
 *fill*         0x0000000000003114        0xc 
 .text._Z15draw_cyber_gridR6Canvasm
                0x0000000000003120       0xec main.o
                0x0000000000003120                draw_cyber_grid(Canvas&, unsigned long)
 *fill*         0x000000000000320c        0x4 
 .text._Z17draw_hud_overlaysR6CanvasRKNSt7__cxx1112basic_stringIcSt11char_traitsIcESaIcEEEffff
                0x0000000000003210      0xd20 main.o
                0x0000000000003210                draw_hud_overlays(Canvas&, std::__cxx11::basic_string<char, std::char_traits<char>, std::allocator<char> > const&, float, float, float, float)
 .text._ZNSt7__cxx1112basic_stringIcSt11char_traitsIcESaIcEEC2IS3_EEPKcRKS3_
                0x0000000000003f30       0xe4 main.o
                0x0000000000003f30                std::__cxx11::basic_string<char, std::char_traits<char>, std::allocator<char> >::basic_string<std::allocator<char> >(char const*, std::allocator<char> const&)
                0x0000000000003f30                std::__cxx11::basic_string<char, std::char_traits<char>, std::allocator<char> >::basic_string<std::allocator<char> >(char const*, std::allocator<char> const&)
 *fill*         0x0000000000004014        0xc 
 .text._ZNSt12_Vector_baseIhSaIhEED2Ev
                0x0000000000004020       0x1c main.o
                0x0000000000004020                std::_Vector_base<unsigned char, std::allocator<unsigned char> >::~_Vector_base()
                0x0000000000004020                std::_Vector_base<unsigned char, std::allocator<unsigned char> >::~_Vector_base()
 *fill*         0x000000000000403c        0x4 
 .text._ZNSt6threadC2IRFvNSt7__cxx1112basic_stringIcSt11char_traitsIcESaIcEEEEJRS6_EvEEOT_DpOT0_
                0x0000000000004040      0x144 main.o
                0x0000000000004040                std::thread::thread<void (&)(std::__cxx11::basic_string<char, std::char_traits<char>, std::allocator<char> >), std::__cxx11::basic_string<char, std::char_traits<char>, std::allocator<char> >&, void>(void (&)(std::__cxx11::basic_string<char, std::char_traits<char>, std::allocator<char> >), std::__cxx11::basic_string<char, std::char_traits<char>, std::allocator<char> >&)
                0x0000000000004040                std::thread::thread<void (&)(std::__cxx11::basic_string<char, std::char_traits<char>, std::allocator<char> >), std::__cxx11::basic_string<char, std::char_traits<char>, std::allocator<char> >&, void>(void (&)(std::__cxx11::basic_string<char, std::char_traits<char>, std::allocator<char> >), std::__cxx11::basic_string<char, std::char_traits<char>, std::allocator<char> >&)
 *fill*         0x0000000000004184        0xc 
 .text._ZNSt6vectorIhSaIhEE8_M_eraseEN9__gnu_cxx17__normal_iteratorIPhS1_EES5_
                0x0000000000004190       0xa0 main.o
                0x0000000000004190                std::vector<unsigned char, std::allocator<unsigned char> >::_M_erase(__gnu_cxx::__normal_iterator<unsigned char*, std::vector<unsigned char, std::allocator<unsigned char> > >, __gnu_cxx::__normal_iterator<unsigned char*, std::vector<unsigned char, std::allocator<unsigned char> > >)
 .text._Z22camera_fetching_threadNSt7__cxx1112basic_stringIcSt11char_traitsIcESaIcEEE
                0x0000000000004230      0xdb0 main.o
                0x0000000000004230                camera_fetching_thread(std::__cxx11::basic_string<char, std::char_traits<char>, std::allocator<char> >)
 .text._appletInfiniteSleepLoop
                0x0000000000004fe0       0x18 /opt/devkitpro/libnx/lib/libnx.a(applet.o)
 *fill*         0x0000000000004ff8        0x8 
 .text._appletCmdGetSession
                0x0000000000005000      0x108 /opt/devkitpro/libnx/lib/libnx.a(applet.o)
 *fill*         0x0000000000005108        0x8 
 .text._appletCmdInU8NoOut
                0x0000000000005110       0xcc /opt/devkitpro/libnx/lib/libnx.a(applet.o)
 *fill*         0x00000000000051dc        0x4 
 .text._appletCmdInSession
                0x00000000000051e0       0xd0 /opt/devkitpro/libnx/lib/libnx.a(applet.o)
 .text._appletCmdInU32NoOut
                0x00000000000052b0       0xcc /opt/devkitpro/libnx/lib/libnx.a(applet.o)
 *fill*         0x000000000000537c        0x4 
 .text._appletCreateLibraryApplet
                0x0000000000005380      0x11c /opt/devkitpro/libnx/lib/libnx.a(applet.o)
 *fill*         0x000000000000549c        0x4 
 .text._appletCmdGetSessionInU64
                0x00000000000054a0      0x114 /opt/devkitpro/libnx/lib/libnx.a(applet.o)
 *fill*         0x00000000000055b4        0xc 
 .text._appletCmdInHandleU64OutSession
                0x00000000000055c0      0x120 /opt/devkitpro/libnx/lib/libnx.a(applet.o)
 .text._appletGetSessionProxy.constprop.0
                0x00000000000056e0      0x12c /opt/devkitpro/libnx/lib/libnx.a(applet.o)
 *fill*         0x000000000000580c        0x4 
 .text._appletOpenLibraryAppletProxy.constprop.0
                0x0000000000005810      0x148 /opt/devkitpro/libnx/lib/libnx.a(applet.o)
 *fill*         0x0000000000005958        0x8 
 .text._appletCmdGetEvent
                0x0000000000005960       0xf8 /opt/devkitpro/libnx/lib/libnx.a(applet.o)
 *fill*         0x0000000000005a58        0x8 
 .text._appletStorageRW.part.0
                0x0000000000005a60      0x284 /opt/devkitpro/libnx/lib/libnx.a(applet.o)
 *fill*         0x0000000000005ce4        0xc 
 .text._appletCreateTransferMemoryStorage.isra.0
                0x0000000000005cf0      0x12c /opt/devkitpro/libnx/lib/libnx.a(applet.o)
 *fill*         0x0000000000005e1c        0x4 
 .text._appletCmdNoInOutU8.isra.0
                0x0000000000005e20       0xd4 /opt/devkitpro/libnx/lib/libnx.a(applet.o)
 *fill*         0x0000000000005ef4        0xc 
 .text._appletCmdNoInOutU32.isra.0
                0x0000000000005f00       0xd4 /opt/devkitpro/libnx/lib/libnx.a(applet.o)
 *fill*         0x0000000000005fd4        0xc 
 .text._appletCmdNoInOutU64.isra.0
                0x0000000000005fe0       0xd4 /opt/devkitpro/libnx/lib/libnx.a(applet.o)
 *fill*         0x00000000000060b4        0xc 
 .text._appletCmdNoIO.isra.0
                0x00000000000060c0       0xc0 /opt/devkitpro/libnx/lib/libnx.a(applet.o)
 .text.appletGetAppletType
                0x0000000000006180       0x10 /opt/devkitpro/libnx/lib/libnx.a(applet.o)
                0x0000000000006180                appletGetAppletType
 .text.appletGetThemeColorType
                0x0000000000006190        0xc /opt/devkitpro/libnx/lib/libnx.a(applet.o)
                0x0000000000006190                appletGetThemeColorType
 *fill*         0x000000000000619c        0x4 
 .text.appletSetFocusHandlingMode
                0x00000000000061a0      0x1b8 /opt/devkitpro/libnx/lib/libnx.a(applet.o)
                0x00000000000061a0                appletSetFocusHandlingMode
 *fill*         0x0000000000006358        0x8 
 .text.appletSetCpuBoostMode
                0x0000000000006360       0x5c /opt/devkitpro/libnx/lib/libnx.a(applet.o)
                0x0000000000006360                appletSetCpuBoostMode
 *fill*         0x00000000000063bc        0x4 
 .text.appletCreateManagedDisplayLayer
                0x00000000000063c0       0x2c /opt/devkitpro/libnx/lib/libnx.a(applet.o)
                0x00000000000063c0                appletCreateManagedDisplayLayer
 *fill*         0x00000000000063ec        0x4 
 .text.appletGetAppletResourceUserId
                0x00000000000063f0        0xc /opt/devkitpro/libnx/lib/libnx.a(applet.o)
                0x00000000000063f0                appletGetAppletResourceUserId
 *fill*         0x00000000000063fc        0x4 
 .text._appletHolderCreateState
                0x0000000000006400      0x138 /opt/devkitpro/libnx/lib/libnx.a(applet.o)
 *fill*         0x0000000000006538        0x8 
 .text.appletCreateLibraryApplet
                0x0000000000006540       0xa4 /opt/devkitpro/libnx/lib/libnx.a(applet.o)
                0x0000000000006540                appletCreateLibraryApplet
 *fill*         0x00000000000065e4        0xc 
 .text.appletHolderClose
                0x00000000000065f0       0xb0 /opt/devkitpro/libnx/lib/libnx.a(applet.o)
                0x00000000000065f0                appletHolderClose
 .text.appletHolderStart
                0x00000000000066a0       0xa0 /opt/devkitpro/libnx/lib/libnx.a(applet.o)
                0x00000000000066a0                appletHolderStart
 .text.appletHolderJoin
                0x0000000000006740       0x84 /opt/devkitpro/libnx/lib/libnx.a(applet.o)
                0x0000000000006740                appletHolderJoin
 *fill*         0x00000000000067c4        0xc 
 .text.appletHolderGetExitReason
                0x00000000000067d0        0x8 /opt/devkitpro/libnx/lib/libnx.a(applet.o)
                0x00000000000067d0                appletHolderGetExitReason
 *fill*         0x00000000000067d8        0x8 
 .text.appletHolderGetPopInteractiveOutDataEvent
                0x00000000000067e0       0x70 /opt/devkitpro/libnx/lib/libnx.a(applet.o)
                0x00000000000067e0                appletHolderGetPopInteractiveOutDataEvent
 .text.appletHolderWaitInteractiveOut
                0x0000000000006850       0x88 /opt/devkitpro/libnx/lib/libnx.a(applet.o)
                0x0000000000006850                appletHolderWaitInteractiveOut
 *fill*         0x00000000000068d8        0x8 
 .text.appletHolderPopOutData
                0x00000000000068e0       0x28 /opt/devkitpro/libnx/lib/libnx.a(applet.o)
                0x00000000000068e0                appletHolderPopOutData
 *fill*         0x0000000000006908        0x8 
 .text.appletHolderPopInteractiveOutData
                0x0000000000006910       0x28 /opt/devkitpro/libnx/lib/libnx.a(applet.o)
                0x0000000000006910                appletHolderPopInteractiveOutData
 *fill*         0x0000000000006938        0x8 
 .text.appletHolderGetLibraryAppletInfo
                0x0000000000006940       0x24 /opt/devkitpro/libnx/lib/libnx.a(applet.o)
                0x0000000000006940                appletHolderGetLibraryAppletInfo
 *fill*         0x0000000000006964        0xc 
 .text.appletCreateStorage
                0x0000000000006970       0x28 /opt/devkitpro/libnx/lib/libnx.a(applet.o)
                0x0000000000006970                appletCreateStorage
 *fill*         0x0000000000006998        0x8 
 .text.appletCreateTransferMemoryStorage
                0x00000000000069a0       0xb0 /opt/devkitpro/libnx/lib/libnx.a(applet.o)
                0x00000000000069a0                appletCreateTransferMemoryStorage
 .text.appletCreateHandleStorage
                0x0000000000006a50       0x5c /opt/devkitpro/libnx/lib/libnx.a(applet.o)
                0x0000000000006a50                appletCreateHandleStorage
 *fill*         0x0000000000006aac        0x4 
 .text.appletCreateHandleStorageTmem
                0x0000000000006ab0       0x9c /opt/devkitpro/libnx/lib/libnx.a(applet.o)
                0x0000000000006ab0                appletCreateHandleStorageTmem
 *fill*         0x0000000000006b4c        0x4 
 .text.appletStorageClose
                0x0000000000006b50       0x90 /opt/devkitpro/libnx/lib/libnx.a(applet.o)
                0x0000000000006b50                appletStorageClose
 .text.appletHolderPushInData
                0x0000000000006be0       0x5c /opt/devkitpro/libnx/lib/libnx.a(applet.o)
                0x0000000000006be0                appletHolderPushInData
 *fill*         0x0000000000006c3c        0x4 
 .text.appletHolderPushInteractiveInData
                0x0000000000006c40       0x5c /opt/devkitpro/libnx/lib/libnx.a(applet.o)
                0x0000000000006c40                appletHolderPushInteractiveInData
 *fill*         0x0000000000006c9c        0x4 
 .text.appletStorageCloseTmem
                0x0000000000006ca0        0x8 /opt/devkitpro/libnx/lib/libnx.a(applet.o)
                0x0000000000006ca0                appletStorageCloseTmem
 *fill*         0x0000000000006ca8        0x8 
 .text.appletStorageWrite
                0x0000000000006cb0       0x18 /opt/devkitpro/libnx/lib/libnx.a(applet.o)
                0x0000000000006cb0                appletStorageWrite
 *fill*         0x0000000000006cc8        0x8 
 .text.appletStorageRead
                0x0000000000006cd0       0x18 /opt/devkitpro/libnx/lib/libnx.a(applet.o)
                0x0000000000006cd0                appletStorageRead
 *fill*         0x0000000000006ce8        0x8 
 .text.appletNotifyRunning
                0x0000000000006cf0       0x90 /opt/devkitpro/libnx/lib/libnx.a(applet.o)
                0x0000000000006cf0                appletNotifyRunning
 .text.appletSetGamePlayRecordingState
                0x0000000000006d80       0x78 /opt/devkitpro/libnx/lib/libnx.a(applet.o)
                0x0000000000006d80                appletSetGamePlayRecordingState
 *fill*         0x0000000000006df8        0x8 
 .text._appletCleanup
                0x0000000000006e00      0xad4 /opt/devkitpro/libnx/lib/libnx.a(applet.o)
 *fill*         0x00000000000078d4        0xc 
 .text.appletExit
                0x00000000000078e0       0x48 /opt/devkitpro/libnx/lib/libnx.a(applet.o)
                0x00000000000078e0                appletExit
 *fill*         0x0000000000007928        0x8 
 .text.appletGetLibraryAppletInfo
                0x0000000000007930       0x40 /opt/devkitpro/libnx/lib/libnx.a(applet.o)
                0x0000000000007930                appletGetLibraryAppletInfo
 .text.appletInitialize
                0x0000000000007970      0xc14 /opt/devkitpro/libnx/lib/libnx.a(applet.o)
                0x0000000000007970                appletInitialize
 *fill*         0x0000000000008584        0xc 
 .text._appletExitProcess
                0x0000000000008590       0x24 /opt/devkitpro/libnx/lib/libnx.a(applet.o)
 *fill*         0x00000000000085b4        0xc 
 .text.appletGetMessage
                0x00000000000085c0       0x74 /opt/devkitpro/libnx/lib/libnx.a(applet.o)
                0x00000000000085c0                appletGetMessage
 *fill*         0x0000000000008634        0xc 
 .text.appletProcessMessage
                0x0000000000008640      0x264 /opt/devkitpro/libnx/lib/libnx.a(applet.o)
                0x0000000000008640                appletProcessMessage
 *fill*         0x00000000000088a4        0xc 
 .text.appletMainLoop
                0x00000000000088b0       0x34 /opt/devkitpro/libnx/lib/libnx.a(applet.o)
                0x00000000000088b0                appletMainLoop
 *fill*         0x00000000000088e4        0xc 
 .text._smCmifCmdInPid
                0x00000000000088f0       0xcc /opt/devkitpro/libnx/lib/libnx.a(sm.o)
 *fill*         0x00000000000089bc        0x4 
 .text._smCleanup
                0x00000000000089c0       0x78 /opt/devkitpro/libnx/lib/libnx.a(sm.o)
 *fill*         0x0000000000008a38        0x8 
 .text.smAddOverrideHandle
                0x0000000000008a40       0x48 /opt/devkitpro/libnx/lib/libnx.a(sm.o)
                0x0000000000008a40                smAddOverrideHandle
 *fill*         0x0000000000008a88        0x8 
 .text.smGetServiceOverride
                0x0000000000008a90       0x54 /opt/devkitpro/libnx/lib/libnx.a(sm.o)
                0x0000000000008a90                smGetServiceOverride
 *fill*         0x0000000000008ae4        0xc 
 .text.smInitialize
                0x0000000000008af0      0x1ac /opt/devkitpro/libnx/lib/libnx.a(sm.o)
                0x0000000000008af0                smInitialize
 *fill*         0x0000000000008c9c        0x4 
 .text.smExit   0x0000000000008ca0       0x48 /opt/devkitpro/libnx/lib/libnx.a(sm.o)
                0x0000000000008ca0                smExit
 *fill*         0x0000000000008ce8        0x8 
 .text.smGetServiceOriginal
                0x0000000000008cf0       0xd0 /opt/devkitpro/libnx/lib/libnx.a(sm.o)
                0x0000000000008cf0                smGetServiceOriginal
 .text.smGetServiceWrapper
                0x0000000000008dc0      0x120 /opt/devkitpro/libnx/lib/libnx.a(sm.o)
                0x0000000000008dc0                smGetServiceWrapper
 .text.nwindowGetDefault
                0x0000000000008ee0        0xc /opt/devkitpro/libnx/lib/libnx.a(default_window.o)
                0x0000000000008ee0                nwindowGetDefault
 *fill*         0x0000000000008eec        0x4 
 .text.__nx_win_init
                0x0000000000008ef0       0xa4 /opt/devkitpro/libnx/lib/libnx.a(default_window.o)
                0x0000000000008ef0                __nx_win_init
 *fill*         0x0000000000008f94        0xc 
 .text.__nx_win_exit
                0x0000000000008fa0       0x34 /opt/devkitpro/libnx/lib/libnx.a(default_window.o)
                0x0000000000008fa0                __nx_win_exit
 *fill*         0x0000000000008fd4        0xc 
 .text.framebufferMakeLinear
                0x0000000000008fe0       0x8c /opt/devkitpro/libnx/lib/libnx.a(framebuffer.o)
                0x0000000000008fe0                framebufferMakeLinear
 *fill*         0x000000000000906c        0x4 
 .text.framebufferClose
                0x0000000000009070       0x84 /opt/devkitpro/libnx/lib/libnx.a(framebuffer.o)
                0x0000000000009070                framebufferClose
 *fill*         0x00000000000090f4        0xc 
 .text.framebufferCreate
                0x0000000000009100      0x290 /opt/devkitpro/libnx/lib/libnx.a(framebuffer.o)
                0x0000000000009100                framebufferCreate
 .text.framebufferBegin
                0x0000000000009390       0x7c /opt/devkitpro/libnx/lib/libnx.a(framebuffer.o)
                0x0000000000009390                framebufferBegin
 *fill*         0x000000000000940c        0x4 
 .text.framebufferEnd
                0x0000000000009410      0x198 /opt/devkitpro/libnx/lib/libnx.a(framebuffer.o)
                0x0000000000009410                framebufferEnd
 *fill*         0x00000000000095a8        0x8 
 .text.nwindowIsValid
                0x00000000000095b0       0x24 /opt/devkitpro/libnx/lib/libnx.a(native_window.o)
                0x00000000000095b0                nwindowIsValid
 *fill*         0x00000000000095d4        0xc 
 .text.nwindowClose
                0x00000000000095e0       0x7c /opt/devkitpro/libnx/lib/libnx.a(native_window.o)
                0x00000000000095e0                nwindowClose
 *fill*         0x000000000000965c        0x4 
 .text.nwindowCreate
                0x0000000000009660       0xf8 /opt/devkitpro/libnx/lib/libnx.a(native_window.o)
                0x0000000000009660                nwindowCreate
 *fill*         0x0000000000009758        0x8 
 .text.nwindowCreateFromLayer
                0x0000000000009760       0x38 /opt/devkitpro/libnx/lib/libnx.a(native_window.o)
                0x0000000000009760                nwindowCreateFromLayer
 *fill*         0x0000000000009798        0x8 
 .text.nwindowSetDimensions
                0x00000000000097a0       0x84 /opt/devkitpro/libnx/lib/libnx.a(native_window.o)
                0x00000000000097a0                nwindowSetDimensions
 *fill*         0x0000000000009824        0xc 
 .text.nwindowConfigureBuffer
                0x0000000000009830      0x180 /opt/devkitpro/libnx/lib/libnx.a(native_window.o)
                0x0000000000009830                nwindowConfigureBuffer
 .text.nwindowDequeueBuffer
                0x00000000000099b0      0x1cc /opt/devkitpro/libnx/lib/libnx.a(native_window.o)
                0x00000000000099b0                nwindowDequeueBuffer
 *fill*         0x0000000000009b7c        0x4 
 .text.nwindowQueueBuffer
                0x0000000000009b80      0x12c /opt/devkitpro/libnx/lib/libnx.a(native_window.o)
                0x0000000000009b80                nwindowQueueBuffer
 *fill*         0x0000000000009cac        0x4 
 .text.nwindowReleaseBuffers
                0x0000000000009cb0       0xbc /opt/devkitpro/libnx/lib/libnx.a(native_window.o)
                0x0000000000009cb0                nwindowReleaseBuffers
 *fill*         0x0000000000009d6c        0x4 
 .text._swkbdInitVersion
                0x0000000000009d70       0xb4 /opt/devkitpro/libnx/lib/libnx.a(swkbd.o)
 *fill*         0x0000000000009e24        0xc 
 .text.swkbdCreate
                0x0000000000009e30       0xbc /opt/devkitpro/libnx/lib/libnx.a(swkbd.o)
                0x0000000000009e30                swkbdCreate
 *fill*         0x0000000000009eec        0x4 
 .text.swkbdClose
                0x0000000000009ef0       0x30 /opt/devkitpro/libnx/lib/libnx.a(swkbd.o)
                0x0000000000009ef0                swkbdClose
 .text.swkbdConfigMakePresetDefault
                0x0000000000009f20       0x68 /opt/devkitpro/libnx/lib/libnx.a(swkbd.o)
                0x0000000000009f20                swkbdConfigMakePresetDefault
 *fill*         0x0000000000009f88        0x8 
 .text.swkbdConfigSetHeaderText
                0x0000000000009f90       0x3c /opt/devkitpro/libnx/lib/libnx.a(swkbd.o)
                0x0000000000009f90                swkbdConfigSetHeaderText
 *fill*         0x0000000000009fcc        0x4 
 .text.swkbdConfigSetGuideText
                0x0000000000009fd0       0x3c /opt/devkitpro/libnx/lib/libnx.a(swkbd.o)
                0x0000000000009fd0                swkbdConfigSetGuideText
 *fill*         0x000000000000a00c        0x4 
 .text.swkbdConfigSetInitialText
                0x000000000000a010       0x60 /opt/devkitpro/libnx/lib/libnx.a(swkbd.o)
                0x000000000000a010                swkbdConfigSetInitialText
 .text.swkbdShow
                0x000000000000a070      0x4ec /opt/devkitpro/libnx/lib/libnx.a(swkbd.o)
                0x000000000000a070                swkbdShow
 *fill*         0x000000000000a55c        0x4 
 .text.__libnx_alloc
                0x000000000000a560        0x4 /opt/devkitpro/libnx/lib/libnx.a(alloc.o)
                0x000000000000a560                __libnx_alloc
 *fill*         0x000000000000a564        0xc 
 .text.__libnx_aligned_alloc
                0x000000000000a570       0x14 /opt/devkitpro/libnx/lib/libnx.a(alloc.o)
                0x000000000000a570                __libnx_aligned_alloc
 *fill*         0x000000000000a584        0xc 
 .text.__libnx_free
                0x000000000000a590        0x4 /opt/devkitpro/libnx/lib/libnx.a(alloc.o)
                0x000000000000a590                __libnx_free
 *fill*         0x000000000000a594        0xc 
 .text.diagAbortWithResult
                0x000000000000a5a0       0x1c /opt/devkitpro/libnx/lib/libnx.a(diag.o)
                0x000000000000a5a0                diagAbortWithResult
 *fill*         0x000000000000a5bc        0x4 
 .text.envSetup
                0x000000000000a5c0      0x208 /opt/devkitpro/libnx/lib/libnx.a(env.o)
                0x000000000000a5c0                envSetup
 *fill*         0x000000000000a7c8        0x8 
 .text.envGetMainThreadHandle
                0x000000000000a7d0       0x20 /opt/devkitpro/libnx/lib/libnx.a(env.o)
                0x000000000000a7d0                envGetMainThreadHandle
 .text.envIsNso
                0x000000000000a7f0        0xc /opt/devkitpro/libnx/lib/libnx.a(env.o)
                0x000000000000a7f0                envIsNso
 *fill*         0x000000000000a7fc        0x4 
 .text.envHasHeapOverride
                0x000000000000a800       0x14 /opt/devkitpro/libnx/lib/libnx.a(env.o)
                0x000000000000a800                envHasHeapOverride
 *fill*         0x000000000000a814        0xc 
 .text.envGetHeapOverrideAddr
                0x000000000000a820        0xc /opt/devkitpro/libnx/lib/libnx.a(env.o)
                0x000000000000a820                envGetHeapOverrideAddr
 *fill*         0x000000000000a82c        0x4 
 .text.envGetHeapOverrideSize
                0x000000000000a830        0xc /opt/devkitpro/libnx/lib/libnx.a(env.o)
                0x000000000000a830                envGetHeapOverrideSize
 *fill*         0x000000000000a83c        0x4 
 .text.envHasArgv
                0x000000000000a840       0x14 /opt/devkitpro/libnx/lib/libnx.a(env.o)
                0x000000000000a840                envHasArgv
 *fill*         0x000000000000a854        0xc 
 .text.envGetArgv
                0x000000000000a860        0xc /opt/devkitpro/libnx/lib/libnx.a(env.o)
                0x000000000000a860                envGetArgv
 *fill*         0x000000000000a86c        0x4 
 .text.envGetExitFuncPtr
                0x000000000000a870        0xc /opt/devkitpro/libnx/lib/libnx.a(env.o)
                0x000000000000a870                envGetExitFuncPtr
 *fill*         0x000000000000a87c        0x4 
 .text.envSetExitFuncPtr
                0x000000000000a880        0xc /opt/devkitpro/libnx/lib/libnx.a(env.o)
                0x000000000000a880                envSetExitFuncPtr
 *fill*         0x000000000000a88c        0x4 
 .text.envHasRandomSeed
                0x000000000000a890        0xc /opt/devkitpro/libnx/lib/libnx.a(env.o)
                0x000000000000a890                envHasRandomSeed
 *fill*         0x000000000000a89c        0x4 
 .text.envGetRandomSeed
                0x000000000000a8a0       0x10 /opt/devkitpro/libnx/lib/libnx.a(env.o)
                0x000000000000a8a0                envGetRandomSeed
 .text.hosversionGet
                0x000000000000a8b0       0x14 /opt/devkitpro/libnx/lib/libnx.a(hosversion.o)
                0x000000000000a8b0                hosversionGet
 *fill*         0x000000000000a8c4        0xc 
 .text.hosversionSet
                0x000000000000a8d0       0x10 /opt/devkitpro/libnx/lib/libnx.a(hosversion.o)
                0x000000000000a8d0                hosversionSet
 .text.padConfigureInput
                0x000000000000a8e0       0x9c /opt/devkitpro/libnx/lib/libnx.a(pad.o)
                0x000000000000a8e0                padConfigureInput
 *fill*         0x000000000000a97c        0x4 
 .text.padInitializeWithMask
                0x000000000000a980       0x24 /opt/devkitpro/libnx/lib/libnx.a(pad.o)
                0x000000000000a980                padInitializeWithMask
 *fill*         0x000000000000a9a4        0xc 
 .text.padUpdate
                0x000000000000a9b0      0x29c /opt/devkitpro/libnx/lib/libnx.a(pad.o)
                0x000000000000a9b0                padUpdate
 *fill*         0x000000000000ac4c        0x4 
 .text.consoleDrawChar
                0x000000000000ac50       0x50 /opt/devkitpro/libnx/lib/libnx.a(console.o)
 .text.consoleNewRow
                0x000000000000aca0       0xb8 /opt/devkitpro/libnx/lib/libnx.a(console.o)
 *fill*         0x000000000000ad58        0x8 
 .text.consolePrintChar.part.0
                0x000000000000ad60      0x194 /opt/devkitpro/libnx/lib/libnx.a(console.o)
 *fill*         0x000000000000aef4        0xc 
 .text.con_write
                0x000000000000af00      0xdf8 /opt/devkitpro/libnx/lib/libnx.a(console.o)
 *fill*         0x000000000000bcf8        0x8 
 .text.consoleInit
                0x000000000000bd00      0x160 /opt/devkitpro/libnx/lib/libnx.a(console.o)
                0x000000000000bd00                consoleInit
 .text.consoleUpdate
                0x000000000000be60       0x2c /opt/devkitpro/libnx/lib/libnx.a(console.o)
                0x000000000000be60                consoleUpdate
 *fill*         0x000000000000be8c        0x4 
 .text.ConsoleSwRenderer_drawChar
                0x000000000000be90      0x1bc /opt/devkitpro/libnx/lib/libnx.a(console_sw.o)
 *fill*         0x000000000000c04c        0x4 
 .text.ConsoleSwRenderer_init
                0x000000000000c050       0xe8 /opt/devkitpro/libnx/lib/libnx.a(console_sw.o)
 *fill*         0x000000000000c138        0x8 
 .text.ConsoleSwRenderer_flushAndSwap
                0x000000000000c140       0x78 /opt/devkitpro/libnx/lib/libnx.a(console_sw.o)
 *fill*         0x000000000000c1b8        0x8 
 .text.ConsoleSwRenderer_scrollWindow
                0x000000000000c1c0       0xdc /opt/devkitpro/libnx/lib/libnx.a(console_sw.o)
 *fill*         0x000000000000c29c        0x4 
 .text.ConsoleSwRenderer_deinit
                0x000000000000c2a0       0x50 /opt/devkitpro/libnx/lib/libnx.a(console_sw.o)
 .text.getDefaultConsoleRenderer
                0x000000000000c2f0        0xc /opt/devkitpro/libnx/lib/libnx.a(console_sw.o)
                0x000000000000c2f0                getDefaultConsoleRenderer
 *fill*         0x000000000000c2fc        0x4 
 .text.fsdev_link
                0x000000000000c300       0x10 /opt/devkitpro/libnx/lib/libnx.a(fs_dev.o)
 .text.fsdev_dirreset
                0x000000000000c310       0x10 /opt/devkitpro/libnx/lib/libnx.a(fs_dev.o)
 .text.fsdev_chmod
                0x000000000000c320       0x10 /opt/devkitpro/libnx/lib/libnx.a(fs_dev.o)
 .text.error_cmp
                0x000000000000c330       0x18 /opt/devkitpro/libnx/lib/libnx.a(fs_dev.o)
 *fill*         0x000000000000c348        0x8 
 .text.fsdev_dirclose
                0x000000000000c350       0x20 /opt/devkitpro/libnx/lib/libnx.a(fs_dev.o)
 .text.fsdev_close
                0x000000000000c370       0x1c /opt/devkitpro/libnx/lib/libnx.a(fs_dev.o)
 *fill*         0x000000000000c38c        0x4 
 .text.fsdev_converttimetoutc
                0x000000000000c390       0x74 /opt/devkitpro/libnx/lib/libnx.a(fs_dev.o)
 *fill*         0x000000000000c404        0xc 
 .text.fsdevFindDevice.part.0
                0x000000000000c410       0xf8 /opt/devkitpro/libnx/lib/libnx.a(fs_dev.o)
 *fill*         0x000000000000c508        0x8 
 .text.fsdev_fixpath
                0x000000000000c510      0x1cc /opt/devkitpro/libnx/lib/libnx.a(fs_dev.o)
 *fill*         0x000000000000c6dc        0x4 
 .text._fsdevUnmountDeviceStruct.part.0
                0x000000000000c6e0       0x9c /opt/devkitpro/libnx/lib/libnx.a(fs_dev.o)
 *fill*         0x000000000000c77c        0x4 
 .text.fsdev_fchmod
                0x000000000000c780       0x10 /opt/devkitpro/libnx/lib/libnx.a(fs_dev.o)
 .text.fsdev_diropen
                0x000000000000c790      0x100 /opt/devkitpro/libnx/lib/libnx.a(fs_dev.o)
 .text.fsdev_statvfs
                0x000000000000c890       0xf8 /opt/devkitpro/libnx/lib/libnx.a(fs_dev.o)
 *fill*         0x000000000000c988        0x8 
 .text.fsdev_fsync
                0x000000000000c990       0x7c /opt/devkitpro/libnx/lib/libnx.a(fs_dev.o)
 *fill*         0x000000000000ca0c        0x4 
 .text.fsdev_fstat
                0x000000000000ca10       0xec /opt/devkitpro/libnx/lib/libnx.a(fs_dev.o)
 *fill*         0x000000000000cafc        0x4 
 .text.fsdev_ftruncate
                0x000000000000cb00       0x94 /opt/devkitpro/libnx/lib/libnx.a(fs_dev.o)
 *fill*         0x000000000000cb94        0xc 
 .text.fsdev_stat
                0x000000000000cba0      0x1d8 /opt/devkitpro/libnx/lib/libnx.a(fs_dev.o)
 *fill*         0x000000000000cd78        0x8 
 .text.fsdev_rename
                0x000000000000cd80      0x14c /opt/devkitpro/libnx/lib/libnx.a(fs_dev.o)
 *fill*         0x000000000000cecc        0x4 
 .text.fsdev_chdir
                0x000000000000ced0      0x13c /opt/devkitpro/libnx/lib/libnx.a(fs_dev.o)
 *fill*         0x000000000000d00c        0x4 
 .text.fsdev_rmdir
                0x000000000000d010       0xa4 /opt/devkitpro/libnx/lib/libnx.a(fs_dev.o)
 *fill*         0x000000000000d0b4        0xc 
 .text.fsdev_mkdir
                0x000000000000d0c0       0xa4 /opt/devkitpro/libnx/lib/libnx.a(fs_dev.o)
 *fill*         0x000000000000d164        0xc 
 .text.fsdev_unlink
                0x000000000000d170       0xa4 /opt/devkitpro/libnx/lib/libnx.a(fs_dev.o)
 *fill*         0x000000000000d214        0xc 
 .text.fsdev_write_safe
                0x000000000000d220      0x13c /opt/devkitpro/libnx/lib/libnx.a(fs_dev.o)
 *fill*         0x000000000000d35c        0x4 
 .text.fsdev_read_safe
                0x000000000000d360      0x134 /opt/devkitpro/libnx/lib/libnx.a(fs_dev.o)
 *fill*         0x000000000000d494        0xc 
 .text.fsdev_read
                0x000000000000d4a0      0x100 /opt/devkitpro/libnx/lib/libnx.a(fs_dev.o)
 .text.fsdev_dirnext
                0x000000000000d5a0      0x1d4 /opt/devkitpro/libnx/lib/libnx.a(fs_dev.o)
 *fill*         0x000000000000d774        0xc 
 .text.fsdev_write
                0x000000000000d780      0x124 /opt/devkitpro/libnx/lib/libnx.a(fs_dev.o)
 *fill*         0x000000000000d8a4        0xc 
 .text.fsdev_seek
                0x000000000000d8b0      0x110 /opt/devkitpro/libnx/lib/libnx.a(fs_dev.o)
 .text.fsdev_open
                0x000000000000d9c0      0x230 /opt/devkitpro/libnx/lib/libnx.a(fs_dev.o)
 .text.fsdevMountDevice
                0x000000000000dbf0      0x324 /opt/devkitpro/libnx/lib/libnx.a(fs_dev.o)
                0x000000000000dbf0                fsdevMountDevice
 *fill*         0x000000000000df14        0xc 
 .text.fsdevMountSdmc
                0x000000000000df20       0x40 /opt/devkitpro/libnx/lib/libnx.a(fs_dev.o)
                0x000000000000df20                fsdevMountSdmc
 .text.__libnx_init_cwd
                0x000000000000df60       0xbc /opt/devkitpro/libnx/lib/libnx.a(fs_dev.o)
                0x000000000000df60                __libnx_init_cwd
 *fill*         0x000000000000e01c        0x4 
 .text.fsdevUnmountAll
                0x000000000000e020       0x64 /opt/devkitpro/libnx/lib/libnx.a(fs_dev.o)
                0x000000000000e020                fsdevUnmountAll
 *fill*         0x000000000000e084        0xc 
 .text.fsdevTranslatePath
                0x000000000000e090       0x84 /opt/devkitpro/libnx/lib/libnx.a(fs_dev.o)
                0x000000000000e090                fsdevTranslatePath
 *fill*         0x000000000000e114        0xc 
 .text.romfs_close
                0x000000000000e120        0x8 /opt/devkitpro/libnx/lib/libnx.a(romfs_dev.o)
 *fill*         0x000000000000e128        0x8 
 .text.romfs_seek
                0x000000000000e130       0x88 /opt/devkitpro/libnx/lib/libnx.a(romfs_dev.o)
 *fill*         0x000000000000e1b8        0x8 
 .text.romfs_dirreset
                0x000000000000e1c0       0x1c /opt/devkitpro/libnx/lib/libnx.a(romfs_dev.o)
 *fill*         0x000000000000e1dc        0x4 
 .text.fillDir  0x000000000000e1e0      0x100 /opt/devkitpro/libnx/lib/libnx.a(romfs_dev.o)
 .text.romfs_dirnext
                0x000000000000e2e0      0x2b0 /opt/devkitpro/libnx/lib/libnx.a(romfs_dev.o)
 .text.searchForDir
                0x000000000000e590      0x150 /opt/devkitpro/libnx/lib/libnx.a(romfs_dev.o)
 .text.searchForFile
                0x000000000000e6e0      0x150 /opt/devkitpro/libnx/lib/libnx.a(romfs_dev.o)
 .text._romfs_read_safe
                0x000000000000e830      0x150 /opt/devkitpro/libnx/lib/libnx.a(romfs_dev.o)
 .text._romfs_read
                0x000000000000e980       0xb8 /opt/devkitpro/libnx/lib/libnx.a(romfs_dev.o)
 *fill*         0x000000000000ea38        0x8 
 .text.romfs_read
                0x000000000000ea40       0x80 /opt/devkitpro/libnx/lib/libnx.a(romfs_dev.o)
 .text.romfs_free
                0x000000000000eac0       0xb4 /opt/devkitpro/libnx/lib/libnx.a(romfs_dev.o)
 *fill*         0x000000000000eb74        0xc 
 .text.navigateToDir.constprop.0
                0x000000000000eb80      0x1f4 /opt/devkitpro/libnx/lib/libnx.a(romfs_dev.o)
 *fill*         0x000000000000ed74        0xc 
 .text.romfs_open
                0x000000000000ed80      0x108 /opt/devkitpro/libnx/lib/libnx.a(romfs_dev.o)
 *fill*         0x000000000000ee88        0x8 
 .text.romfs_stat
                0x000000000000ee90      0x1a0 /opt/devkitpro/libnx/lib/libnx.a(romfs_dev.o)
 .text.romfs_chdir
                0x000000000000f030       0x54 /opt/devkitpro/libnx/lib/libnx.a(romfs_dev.o)
 *fill*         0x000000000000f084        0xc 
 .text.romfs_diropen
                0x000000000000f090       0x84 /opt/devkitpro/libnx/lib/libnx.a(romfs_dev.o)
 *fill*         0x000000000000f114        0xc 
 .text.romfs_dirclose
                0x000000000000f120        0x8 /opt/devkitpro/libnx/lib/libnx.a(romfs_dev.o)
 *fill*         0x000000000000f128        0x8 
 .text.romfsFindMount
                0x000000000000f130      0x188 /opt/devkitpro/libnx/lib/libnx.a(romfs_dev.o)
 *fill*         0x000000000000f2b8        0x8 
 .text.romfs_fstat
                0x000000000000f2c0       0x70 /opt/devkitpro/libnx/lib/libnx.a(romfs_dev.o)
 .text.romfsMountCommon
                0x000000000000f330      0x1b0 /opt/devkitpro/libnx/lib/libnx.a(romfs_dev.o)
 .text.romfsMountFromFile
                0x000000000000f4e0       0x68 /opt/devkitpro/libnx/lib/libnx.a(romfs_dev.o)
                0x000000000000f4e0                romfsMountFromFile
 *fill*         0x000000000000f548        0x8 
 .text.romfsMountFromStorage
                0x000000000000f550       0x6c /opt/devkitpro/libnx/lib/libnx.a(romfs_dev.o)
                0x000000000000f550                romfsMountFromStorage
 *fill*         0x000000000000f5bc        0x4 
 .text.romfsMountFromCurrentProcess
                0x000000000000f5c0       0x38 /opt/devkitpro/libnx/lib/libnx.a(romfs_dev.o)
                0x000000000000f5c0                romfsMountFromCurrentProcess
 *fill*         0x000000000000f5f8        0x8 
 .text.romfsMountSelf
                0x000000000000f600      0x188 /opt/devkitpro/libnx/lib/libnx.a(romfs_dev.o)
                0x000000000000f600                romfsMountSelf
 *fill*         0x000000000000f788        0x8 
 .text.romfsUnmount
                0x000000000000f790       0xa8 /opt/devkitpro/libnx/lib/libnx.a(romfs_dev.o)
                0x000000000000f790                romfsUnmount
 *fill*         0x000000000000f838        0x8 
 .text._socketGetFd
                0x000000000000f840       0x7c /opt/devkitpro/libnx/lib/libnx.a(socket.o)
 *fill*         0x000000000000f8bc        0x4 
 .text._socketParseBsdResult.part.0
                0x000000000000f8c0       0xa4 /opt/devkitpro/libnx/lib/libnx.a(socket.o)
 *fill*         0x000000000000f964        0xc 
 .text._socketRead
                0x000000000000f970       0x50 /opt/devkitpro/libnx/lib/libnx.a(socket.o)
 .text._socketWrite
                0x000000000000f9c0       0x50 /opt/devkitpro/libnx/lib/libnx.a(socket.o)
 .text._socketClose
                0x000000000000fa10       0x44 /opt/devkitpro/libnx/lib/libnx.a(socket.o)
 *fill*         0x000000000000fa54        0xc 
 .text._socketOpen
                0x000000000000fa60       0x8c /opt/devkitpro/libnx/lib/libnx.a(socket.o)
 *fill*         0x000000000000faec        0x4 
 .text.socketExit
                0x000000000000faf0       0x1c /opt/devkitpro/libnx/lib/libnx.a(socket.o)
                0x000000000000faf0                socketExit
 *fill*         0x000000000000fb0c        0x4 
 .text.socketInitialize
                0x000000000000fb10      0x1b4 /opt/devkitpro/libnx/lib/libnx.a(socket.o)
                0x000000000000fb10                socketInitialize
 *fill*         0x000000000000fcc4        0xc 
 .text.socket   0x000000000000fcd0       0x98 /opt/devkitpro/libnx/lib/libnx.a(socket.o)
                0x000000000000fcd0                socket
 *fill*         0x000000000000fd68        0x8 
 .text.recv     0x000000000000fd70       0x5c /opt/devkitpro/libnx/lib/libnx.a(socket.o)
                0x000000000000fd70                recv
 *fill*         0x000000000000fdcc        0x4 
 .text.send     0x000000000000fdd0       0x5c /opt/devkitpro/libnx/lib/libnx.a(socket.o)
                0x000000000000fdd0                send
 *fill*         0x000000000000fe2c        0x4 
 .text.connect  0x000000000000fe30       0x60 /opt/devkitpro/libnx/lib/libnx.a(socket.o)
                0x000000000000fe30                connect
 .text.setsockopt
                0x000000000000fe90       0x68 /opt/devkitpro/libnx/lib/libnx.a(socket.o)
                0x000000000000fe90                setsockopt
 *fill*         0x000000000000fef8        0x8 
 .text._inetAtonDetail
                0x000000000000ff00      0x1b4 /opt/devkitpro/libnx/lib/libnx.a(inet_addr.o)
 *fill*         0x00000000000100b4        0xc 
 .text.inet_pton
                0x00000000000100c0      0x280 /opt/devkitpro/libnx/lib/libnx.a(inet_addr.o)
                0x00000000000100c0                inet_pton
 .text.decode_utf8
                0x0000000000010340      0x128 /opt/devkitpro/libnx/lib/libnx.a(decode_utf8.o)
                0x0000000000010340                decode_utf8
 *fill*         0x0000000000010468        0x8 
 .text.utf16_to_utf8
                0x0000000000010470      0x134 /opt/devkitpro/libnx/lib/libnx.a(utf16_to_utf8.o)
                0x0000000000010470                utf16_to_utf8
 *fill*         0x00000000000105a4        0xc 
 .text.utf8_to_utf16
                0x00000000000105b0      0x104 /opt/devkitpro/libnx/lib/libnx.a(utf8_to_utf16.o)
                0x00000000000105b0                utf8_to_utf16
 .text.armDCacheFlush
                0x00000000000106b4       0x4c /opt/devkitpro/libnx/lib/libnx.a(cache.o)
                0x00000000000106b4                armDCacheFlush
 .text.svcSetHeapSize
                0x0000000000010700       0x14 /opt/devkitpro/libnx/lib/libnx.a(svc.o)
                0x0000000000010700                svcSetHeapSize
 .text.svcSetMemoryPermission
                0x0000000000010714        0x8 /opt/devkitpro/libnx/lib/libnx.a(svc.o)
                0x0000000000010714                svcSetMemoryPermission
 .text.svcSetMemoryAttribute
                0x000000000001071c        0x8 /opt/devkitpro/libnx/lib/libnx.a(svc.o)
                0x000000000001071c                svcSetMemoryAttribute
 .text.svcMapMemory
                0x0000000000010724        0x8 /opt/devkitpro/libnx/lib/libnx.a(svc.o)
                0x0000000000010724                svcMapMemory
 .text.svcUnmapMemory
                0x000000000001072c        0x8 /opt/devkitpro/libnx/lib/libnx.a(svc.o)
                0x000000000001072c                svcUnmapMemory
 .text.svcQueryMemory
                0x0000000000010734       0x14 /opt/devkitpro/libnx/lib/libnx.a(svc.o)
                0x0000000000010734                svcQueryMemory
 .text.svcExitProcess
                0x0000000000010748        0x8 /opt/devkitpro/libnx/lib/libnx.a(svc.o)
                0x0000000000010748                svcExitProcess
 .text.svcCreateThread
                0x0000000000010750       0x14 /opt/devkitpro/libnx/lib/libnx.a(svc.o)
                0x0000000000010750                svcCreateThread
 .text.svcStartThread
                0x0000000000010764        0x8 /opt/devkitpro/libnx/lib/libnx.a(svc.o)
                0x0000000000010764                svcStartThread
 .text.svcExitThread
                0x000000000001076c        0x8 /opt/devkitpro/libnx/lib/libnx.a(svc.o)
                0x000000000001076c                svcExitThread
 .text.svcSleepThread
                0x0000000000010774        0x8 /opt/devkitpro/libnx/lib/libnx.a(svc.o)
                0x0000000000010774                svcSleepThread
 .text.svcSetThreadCoreMask
                0x000000000001077c        0x8 /opt/devkitpro/libnx/lib/libnx.a(svc.o)
                0x000000000001077c                svcSetThreadCoreMask
 .text.svcMapSharedMemory
                0x0000000000010784        0x8 /opt/devkitpro/libnx/lib/libnx.a(svc.o)
                0x0000000000010784                svcMapSharedMemory
 .text.svcUnmapSharedMemory
                0x000000000001078c        0x8 /opt/devkitpro/libnx/lib/libnx.a(svc.o)
                0x000000000001078c                svcUnmapSharedMemory
 .text.svcCreateTransferMemory
                0x0000000000010794       0x14 /opt/devkitpro/libnx/lib/libnx.a(svc.o)
                0x0000000000010794                svcCreateTransferMemory
 .text.svcCloseHandle
                0x00000000000107a8        0x8 /opt/devkitpro/libnx/lib/libnx.a(svc.o)
                0x00000000000107a8                svcCloseHandle
 .text.svcResetSignal
                0x00000000000107b0        0x8 /opt/devkitpro/libnx/lib/libnx.a(svc.o)
                0x00000000000107b0                svcResetSignal
 .text.svcWaitSynchronization
                0x00000000000107b8       0x14 /opt/devkitpro/libnx/lib/libnx.a(svc.o)
                0x00000000000107b8                svcWaitSynchronization
 .text.svcArbitrateLock
                0x00000000000107cc        0x8 /opt/devkitpro/libnx/lib/libnx.a(svc.o)
                0x00000000000107cc                svcArbitrateLock
 .text.svcArbitrateUnlock
                0x00000000000107d4        0x8 /opt/devkitpro/libnx/lib/libnx.a(svc.o)
                0x00000000000107d4                svcArbitrateUnlock
 .text.svcWaitProcessWideKeyAtomic
                0x00000000000107dc        0x8 /opt/devkitpro/libnx/lib/libnx.a(svc.o)
                0x00000000000107dc                svcWaitProcessWideKeyAtomic
 .text.svcSignalProcessWideKey
                0x00000000000107e4        0x8 /opt/devkitpro/libnx/lib/libnx.a(svc.o)
                0x00000000000107e4                svcSignalProcessWideKey
 .text.svcConnectToNamedPort
                0x00000000000107ec       0x14 /opt/devkitpro/libnx/lib/libnx.a(svc.o)
                0x00000000000107ec                svcConnectToNamedPort
 .text.svcSendSyncRequest
                0x0000000000010800        0x8 /opt/devkitpro/libnx/lib/libnx.a(svc.o)
                0x0000000000010800                svcSendSyncRequest
 .text.svcBreak
                0x0000000000010808        0x8 /opt/devkitpro/libnx/lib/libnx.a(svc.o)
                0x0000000000010808                svcBreak
 .text.svcReturnFromException
                0x0000000000010810        0x8 /opt/devkitpro/libnx/lib/libnx.a(svc.o)
                0x0000000000010810                svcReturnFromException
 .text.svcGetInfo
                0x0000000000010818       0x14 /opt/devkitpro/libnx/lib/libnx.a(svc.o)
                0x0000000000010818                svcGetInfo
 .text.svcUnmapTransferMemory
                0x000000000001082c        0x8 /opt/devkitpro/libnx/lib/libnx.a(svc.o)
                0x000000000001082c                svcUnmapTransferMemory
 .text.__aarch64_read_tp
                0x0000000000010834        0xc /opt/devkitpro/libnx/lib/libnx.a(readtp.o)
                0x0000000000010834                __aarch64_read_tp
 .text.eventLoadRemote
                0x0000000000010840        0xc /opt/devkitpro/libnx/lib/libnx.a(event.o)
                0x0000000000010840                eventLoadRemote
 *fill*         0x000000000001084c        0x4 
 .text.eventWait
                0x0000000000010850       0x34 /opt/devkitpro/libnx/lib/libnx.a(event.o)
                0x0000000000010850                eventWait
 *fill*         0x0000000000010884        0xc 
 .text.eventClose
                0x0000000000010890       0x54 /opt/devkitpro/libnx/lib/libnx.a(event.o)
                0x0000000000010890                eventClose
 *fill*         0x00000000000108e4        0xc 
 .text.mutexLock
                0x00000000000108f0       0xc8 /opt/devkitpro/libnx/lib/libnx.a(mutex.o)
                0x00000000000108f0                mutexLock
 *fill*         0x00000000000109b8        0x8 
 .text.mutexUnlock
                0x00000000000109c0       0x68 /opt/devkitpro/libnx/lib/libnx.a(mutex.o)
                0x00000000000109c0                mutexUnlock
 *fill*         0x0000000000010a28        0x8 
 .text.mutexIsLockedByCurrentThread
                0x0000000000010a30       0x1c /opt/devkitpro/libnx/lib/libnx.a(mutex.o)
                0x0000000000010a30                mutexIsLockedByCurrentThread
 *fill*         0x0000000000010a4c        0x4 
 .text.rmutexLock
                0x0000000000010a50       0x50 /opt/devkitpro/libnx/lib/libnx.a(mutex.o)
                0x0000000000010a50                rmutexLock
 .text.rmutexUnlock
                0x0000000000010aa0       0x18 /opt/devkitpro/libnx/lib/libnx.a(mutex.o)
                0x0000000000010aa0                rmutexUnlock
 *fill*         0x0000000000010ab8        0x8 
 .text.tmemCreate
                0x0000000000010ac0       0xa8 /opt/devkitpro/libnx/lib/libnx.a(tmem.o)
                0x0000000000010ac0                tmemCreate
 *fill*         0x0000000000010b68        0x8 
 .text.tmemCreateFromMemory
                0x0000000000010b70       0x2c /opt/devkitpro/libnx/lib/libnx.a(tmem.o)
                0x0000000000010b70                tmemCreateFromMemory
 *fill*         0x0000000000010b9c        0x4 
 .text.tmemUnmap
                0x0000000000010ba0       0x34 /opt/devkitpro/libnx/lib/libnx.a(tmem.o)
                0x0000000000010ba0                tmemUnmap
 *fill*         0x0000000000010bd4        0xc 
 .text.tmemCloseHandle
                0x0000000000010be0       0x30 /opt/devkitpro/libnx/lib/libnx.a(tmem.o)
                0x0000000000010be0                tmemCloseHandle
 .text.tmemWaitForPermission
                0x0000000000010c10       0x9c /opt/devkitpro/libnx/lib/libnx.a(tmem.o)
                0x0000000000010c10                tmemWaitForPermission
 *fill*         0x0000000000010cac        0x4 
 .text.tmemClose
                0x0000000000010cb0       0x50 /opt/devkitpro/libnx/lib/libnx.a(tmem.o)
                0x0000000000010cb0                tmemClose
 .text._memregionInitWithInfo
                0x0000000000010d00       0x64 /opt/devkitpro/libnx/lib/libnx.a(virtmem.o)
 *fill*         0x0000000000010d64        0xc 
 .text.__libnx_virtmem_rng
                0x0000000000010d70        0x4 /opt/devkitpro/libnx/lib/libnx.a(virtmem.o)
                0x0000000000010d70                __libnx_virtmem_rng
 *fill*         0x0000000000010d74        0xc 
 .text._memregionFindRandom
                0x0000000000010d80      0x164 /opt/devkitpro/libnx/lib/libnx.a(virtmem.o)
 *fill*         0x0000000000010ee4        0xc 
 .text.virtmemSetup
                0x0000000000010ef0      0x140 /opt/devkitpro/libnx/lib/libnx.a(virtmem.o)
                0x0000000000010ef0                virtmemSetup
 .text.virtmemLock
                0x0000000000011030        0xc /opt/devkitpro/libnx/lib/libnx.a(virtmem.o)
                0x0000000000011030                virtmemLock
 *fill*         0x000000000001103c        0x4 
 .text.virtmemUnlock
                0x0000000000011040        0xc /opt/devkitpro/libnx/lib/libnx.a(virtmem.o)
                0x0000000000011040                virtmemUnlock
 *fill*         0x000000000001104c        0x4 
 .text.virtmemFindAslr
                0x0000000000011050       0x50 /opt/devkitpro/libnx/lib/libnx.a(virtmem.o)
                0x0000000000011050                virtmemFindAslr
 .text.virtmemFindStack
                0x00000000000110a0       0x50 /opt/devkitpro/libnx/lib/libnx.a(virtmem.o)
                0x00000000000110a0                virtmemFindStack
 .text.waitObjects
                0x00000000000110f0      0x57c /opt/devkitpro/libnx/lib/libnx.a(wait.o)
                0x00000000000110f0                waitObjects
 *fill*         0x000000000001166c        0x4 
 .text.waitHandles
                0x0000000000011670      0x118 /opt/devkitpro/libnx/lib/libnx.a(wait.o)
                0x0000000000011670                waitHandles
 *fill*         0x0000000000011788        0x8 
 .text._apmCleanup
                0x0000000000011790       0xd4 /opt/devkitpro/libnx/lib/libnx.a(apm.o)
 *fill*         0x0000000000011864        0xc 
 .text.apmInitialize
                0x0000000000011870      0x194 /opt/devkitpro/libnx/lib/libnx.a(apm.o)
                0x0000000000011870                apmInitialize
 *fill*         0x0000000000011a04        0xc 
 .text.apmExit  0x0000000000011a10       0x48 /opt/devkitpro/libnx/lib/libnx.a(apm.o)
                0x0000000000011a10                apmExit
 *fill*         0x0000000000011a58        0x8 
 .text.apmSetPerformanceConfiguration
                0x0000000000011a60       0xc8 /opt/devkitpro/libnx/lib/libnx.a(apm.o)
                0x0000000000011a60                apmSetPerformanceConfiguration
 *fill*         0x0000000000011b28        0x8 
 .text._bsdCleanup
                0x0000000000011b30       0xf4 /opt/devkitpro/libnx/lib/libnx.a(bsd.o)
 *fill*         0x0000000000011c24        0xc 
 .text._bsdCmdInDomainTypeProtocol
                0x0000000000011c30      0x144 /opt/devkitpro/libnx/lib/libnx.a(bsd.o)
 *fill*         0x0000000000011d74        0xc 
 .text._bsdCmdInSockfdSockaddr
                0x0000000000011d80      0x1ac /opt/devkitpro/libnx/lib/libnx.a(bsd.o)
 *fill*         0x0000000000011f2c        0x4 
 .text._bsdRegisterClient.constprop.0
                0x0000000000011f30      0x124 /opt/devkitpro/libnx/lib/libnx.a(bsd.o)
 *fill*         0x0000000000012054        0xc 
 .text.bsdInitialize
                0x0000000000012060      0x358 /opt/devkitpro/libnx/lib/libnx.a(bsd.o)
                0x0000000000012060                bsdInitialize
 *fill*         0x00000000000123b8        0x8 
 .text.bsdExit  0x00000000000123c0       0x48 /opt/devkitpro/libnx/lib/libnx.a(bsd.o)
                0x00000000000123c0                bsdExit
 *fill*         0x0000000000012408        0x8 
 .text.bsdSocket
                0x0000000000012410        0x8 /opt/devkitpro/libnx/lib/libnx.a(bsd.o)
                0x0000000000012410                bsdSocket
 *fill*         0x0000000000012418        0x8 
 .text.bsdOpen  0x0000000000012420      0x1c8 /opt/devkitpro/libnx/lib/libnx.a(bsd.o)
                0x0000000000012420                bsdOpen
 *fill*         0x00000000000125e8        0x8 
 .text.bsdRecv  0x00000000000125f0      0x1bc /opt/devkitpro/libnx/lib/libnx.a(bsd.o)
                0x00000000000125f0                bsdRecv
 *fill*         0x00000000000127ac        0x4 
 .text.bsdSend  0x00000000000127b0      0x1c8 /opt/devkitpro/libnx/lib/libnx.a(bsd.o)
                0x00000000000127b0                bsdSend
 *fill*         0x0000000000012978        0x8 
 .text.bsdConnect
                0x0000000000012980        0x8 /opt/devkitpro/libnx/lib/libnx.a(bsd.o)
                0x0000000000012980                bsdConnect
 *fill*         0x0000000000012988        0x8 
 .text.bsdSetSockOpt
                0x0000000000012990      0x1c4 /opt/devkitpro/libnx/lib/libnx.a(bsd.o)
                0x0000000000012990                bsdSetSockOpt
 *fill*         0x0000000000012b54        0xc 
 .text.bsdWrite
                0x0000000000012b60      0x1bc /opt/devkitpro/libnx/lib/libnx.a(bsd.o)
                0x0000000000012b60                bsdWrite
 *fill*         0x0000000000012d1c        0x4 
 .text.bsdRead  0x0000000000012d20      0x1b0 /opt/devkitpro/libnx/lib/libnx.a(bsd.o)
                0x0000000000012d20                bsdRead
 .text.bsdClose
                0x0000000000012ed0      0x134 /opt/devkitpro/libnx/lib/libnx.a(bsd.o)
                0x0000000000012ed0                bsdClose
 *fill*         0x0000000000013004        0xc 
 .text._fsCleanup
                0x0000000000013010       0xb4 /opt/devkitpro/libnx/lib/libnx.a(fs.o)
 *fill*         0x00000000000130c4        0xc 
 .text._fsCmdNoIO
                0x00000000000130d0      0x1c0 /opt/devkitpro/libnx/lib/libnx.a(fs.o)
 .text._fsFsCmdWithInPath
                0x0000000000013290      0x1e0 /opt/devkitpro/libnx/lib/libnx.a(fs.o)
 .text._fsFsCmdWithTwoInPaths
                0x0000000000013470      0x1f8 /opt/devkitpro/libnx/lib/libnx.a(fs.o)
 *fill*         0x0000000000013668        0x8 
 .text._fsFsOpenCommon
                0x0000000000013670      0x28c /opt/devkitpro/libnx/lib/libnx.a(fs.o)
 *fill*         0x00000000000138fc        0x4 
 .text._fsFsCmdWithInPathAndOutU64
                0x0000000000013900      0x1fc /opt/devkitpro/libnx/lib/libnx.a(fs.o)
 *fill*         0x0000000000013afc        0x4 
 .text._fsObjectClose
                0x0000000000013b00       0xf8 /opt/devkitpro/libnx/lib/libnx.a(fs.o)
 *fill*         0x0000000000013bf8        0x8 
 .text._fsCmdGetSession.constprop.0
                0x0000000000013c00      0x17c /opt/devkitpro/libnx/lib/libnx.a(fs.o)
 *fill*         0x0000000000013d7c        0x4 
 .text.fsInitialize
                0x0000000000013d80      0x2f8 /opt/devkitpro/libnx/lib/libnx.a(fs.o)
                0x0000000000013d80                fsInitialize
 *fill*         0x0000000000014078        0x8 
 .text.fsExit   0x0000000000014080       0x48 /opt/devkitpro/libnx/lib/libnx.a(fs.o)
                0x0000000000014080                fsExit
 *fill*         0x00000000000140c8        0x8 
 .text.fsOpenSdCardFileSystem
                0x00000000000140d0        0x8 /opt/devkitpro/libnx/lib/libnx.a(fs.o)
                0x00000000000140d0                fsOpenSdCardFileSystem
 *fill*         0x00000000000140d8        0x8 
 .text.fsOpenDataStorageByCurrentProcess
                0x00000000000140e0        0x8 /opt/devkitpro/libnx/lib/libnx.a(fs.o)
                0x00000000000140e0                fsOpenDataStorageByCurrentProcess
 *fill*         0x00000000000140e8        0x8 
 .text.fsFsCreateFile
                0x00000000000140f0      0x1ec /opt/devkitpro/libnx/lib/libnx.a(fs.o)
                0x00000000000140f0                fsFsCreateFile
 *fill*         0x00000000000142dc        0x4 
 .text.fsFsDeleteFile
                0x00000000000142e0        0x8 /opt/devkitpro/libnx/lib/libnx.a(fs.o)
                0x00000000000142e0                fsFsDeleteFile
 *fill*         0x00000000000142e8        0x8 
 .text.fsFsCreateDirectory
                0x00000000000142f0        0x8 /opt/devkitpro/libnx/lib/libnx.a(fs.o)
                0x00000000000142f0                fsFsCreateDirectory
 *fill*         0x00000000000142f8        0x8 
 .text.fsFsDeleteDirectory
                0x0000000000014300        0x8 /opt/devkitpro/libnx/lib/libnx.a(fs.o)
                0x0000000000014300                fsFsDeleteDirectory
 *fill*         0x0000000000014308        0x8 
 .text.fsFsRenameFile
                0x0000000000014310        0x8 /opt/devkitpro/libnx/lib/libnx.a(fs.o)
                0x0000000000014310                fsFsRenameFile
 *fill*         0x0000000000014318        0x8 
 .text.fsFsRenameDirectory
                0x0000000000014320        0x8 /opt/devkitpro/libnx/lib/libnx.a(fs.o)
                0x0000000000014320                fsFsRenameDirectory
 *fill*         0x0000000000014328        0x8 
 .text.fsFsGetEntryType
                0x0000000000014330      0x1f0 /opt/devkitpro/libnx/lib/libnx.a(fs.o)
                0x0000000000014330                fsFsGetEntryType
 .text.fsFsOpenFile
                0x0000000000014520        0x8 /opt/devkitpro/libnx/lib/libnx.a(fs.o)
                0x0000000000014520                fsFsOpenFile
 *fill*         0x0000000000014528        0x8 
 .text.fsFsOpenDirectory
                0x0000000000014530        0x8 /opt/devkitpro/libnx/lib/libnx.a(fs.o)
                0x0000000000014530                fsFsOpenDirectory
 *fill*         0x0000000000014538        0x8 
 .text.fsFsGetFreeSpace
                0x0000000000014540        0x8 /opt/devkitpro/libnx/lib/libnx.a(fs.o)
                0x0000000000014540                fsFsGetFreeSpace
 *fill*         0x0000000000014548        0x8 
 .text.fsFsGetTotalSpace
                0x0000000000014550        0x8 /opt/devkitpro/libnx/lib/libnx.a(fs.o)
                0x0000000000014550                fsFsGetTotalSpace
 *fill*         0x0000000000014558        0x8 
 .text.fsFsGetFileTimeStampRaw
                0x0000000000014560      0x230 /opt/devkitpro/libnx/lib/libnx.a(fs.o)
                0x0000000000014560                fsFsGetFileTimeStampRaw
 .text.fsFsClose
                0x0000000000014790        0x4 /opt/devkitpro/libnx/lib/libnx.a(fs.o)
                0x0000000000014790                fsFsClose
 *fill*         0x0000000000014794        0xc 
 .text.fsFileRead
                0x00000000000147a0      0x214 /opt/devkitpro/libnx/lib/libnx.a(fs.o)
                0x00000000000147a0                fsFileRead
 *fill*         0x00000000000149b4        0xc 
 .text.fsFileWrite
                0x00000000000149c0      0x1f8 /opt/devkitpro/libnx/lib/libnx.a(fs.o)
                0x00000000000149c0                fsFileWrite
 *fill*         0x0000000000014bb8        0x8 
 .text.fsFileFlush
                0x0000000000014bc0        0x8 /opt/devkitpro/libnx/lib/libnx.a(fs.o)
                0x0000000000014bc0                fsFileFlush
 *fill*         0x0000000000014bc8        0x8 
 .text.fsFileSetSize
                0x0000000000014bd0      0x1c0 /opt/devkitpro/libnx/lib/libnx.a(fs.o)
                0x0000000000014bd0                fsFileSetSize
 .text.fsFileGetSize
                0x0000000000014d90      0x1d4 /opt/devkitpro/libnx/lib/libnx.a(fs.o)
                0x0000000000014d90                fsFileGetSize
 *fill*         0x0000000000014f64        0xc 
 .text.fsFileClose
                0x0000000000014f70        0x4 /opt/devkitpro/libnx/lib/libnx.a(fs.o)
                0x0000000000014f70                fsFileClose
 *fill*         0x0000000000014f74        0xc 
 .text.fsDirClose
                0x0000000000014f80        0x4 /opt/devkitpro/libnx/lib/libnx.a(fs.o)
                0x0000000000014f80                fsDirClose
 *fill*         0x0000000000014f84        0xc 
 .text.fsDirRead
                0x0000000000014f90      0x204 /opt/devkitpro/libnx/lib/libnx.a(fs.o)
                0x0000000000014f90                fsDirRead
 *fill*         0x0000000000015194        0xc 
 .text.fsStorageRead
                0x00000000000151a0      0x1e8 /opt/devkitpro/libnx/lib/libnx.a(fs.o)
                0x00000000000151a0                fsStorageRead
 *fill*         0x0000000000015388        0x8 
 .text.fsStorageClose
                0x0000000000015390        0x4 /opt/devkitpro/libnx/lib/libnx.a(fs.o)
                0x0000000000015390                fsStorageClose
 *fill*         0x0000000000015394        0xc 
 .text._hidCleanup
                0x00000000000153a0      0x12c /opt/devkitpro/libnx/lib/libnx.a(hid.o)
 *fill*         0x00000000000154cc        0x4 
 .text._hidCmdInAruidNoOut
                0x00000000000154d0       0xd4 /opt/devkitpro/libnx/lib/libnx.a(hid.o)
 *fill*         0x00000000000155a4        0xc 
 .text._hidCmdInU32AruidNoOut
                0x00000000000155b0       0xe0 /opt/devkitpro/libnx/lib/libnx.a(hid.o)
 .text._hidGetStates
                0x0000000000015690      0x194 /opt/devkitpro/libnx/lib/libnx.a(hid.o)
 *fill*         0x0000000000015824        0xc 
 .text.hidInitialize
                0x0000000000015830      0x26c /opt/devkitpro/libnx/lib/libnx.a(hid.o)
                0x0000000000015830                hidInitialize
 *fill*         0x0000000000015a9c        0x4 
 .text.hidExit  0x0000000000015aa0       0x48 /opt/devkitpro/libnx/lib/libnx.a(hid.o)
                0x0000000000015aa0                hidExit
 *fill*         0x0000000000015ae8        0x8 
 .text.hidGetSharedmemAddr
                0x0000000000015af0        0xc /opt/devkitpro/libnx/lib/libnx.a(hid.o)
                0x0000000000015af0                hidGetSharedmemAddr
 *fill*         0x0000000000015afc        0x4 
 .text.hidGetNpadStyleSet
                0x0000000000015b00       0x90 /opt/devkitpro/libnx/lib/libnx.a(hid.o)
                0x0000000000015b00                hidGetNpadStyleSet
 .text.hidInitializeNpad
                0x0000000000015b90       0x84 /opt/devkitpro/libnx/lib/libnx.a(hid.o)
                0x0000000000015b90                hidInitializeNpad
 *fill*         0x0000000000015c14        0xc 
 .text.hidGetNpadStatesFullKey
                0x0000000000015c20       0xa4 /opt/devkitpro/libnx/lib/libnx.a(hid.o)
                0x0000000000015c20                hidGetNpadStatesFullKey
 *fill*         0x0000000000015cc4        0xc 
 .text.hidGetNpadStatesHandheld
                0x0000000000015cd0       0xa4 /opt/devkitpro/libnx/lib/libnx.a(hid.o)
                0x0000000000015cd0                hidGetNpadStatesHandheld
 *fill*         0x0000000000015d74        0xc 
 .text.hidGetNpadStatesJoyDual
                0x0000000000015d80       0xa4 /opt/devkitpro/libnx/lib/libnx.a(hid.o)
                0x0000000000015d80                hidGetNpadStatesJoyDual
 *fill*         0x0000000000015e24        0xc 
 .text.hidGetNpadStatesJoyLeft
                0x0000000000015e30       0xa4 /opt/devkitpro/libnx/lib/libnx.a(hid.o)
                0x0000000000015e30                hidGetNpadStatesJoyLeft
 *fill*         0x0000000000015ed4        0xc 
 .text.hidGetNpadStatesJoyRight
                0x0000000000015ee0       0xa4 /opt/devkitpro/libnx/lib/libnx.a(hid.o)
                0x0000000000015ee0                hidGetNpadStatesJoyRight
 *fill*         0x0000000000015f84        0xc 
 .text.hidGetNpadStatesGc
                0x0000000000015f90      0x144 /opt/devkitpro/libnx/lib/libnx.a(hid.o)
                0x0000000000015f90                hidGetNpadStatesGc
 *fill*         0x00000000000160d4        0xc 
 .text.hidGetNpadStatesSystemExt
                0x00000000000160e0       0xa8 /opt/devkitpro/libnx/lib/libnx.a(hid.o)
                0x00000000000160e0                hidGetNpadStatesSystemExt
 *fill*         0x0000000000016188        0x8 
 .text.hidSetSupportedNpadStyleSet
                0x0000000000016190        0x8 /opt/devkitpro/libnx/lib/libnx.a(hid.o)
                0x0000000000016190                hidSetSupportedNpadStyleSet
 *fill*         0x0000000000016198        0x8 
 .text.hidSetSupportedNpadIdType
                0x00000000000161a0      0x100 /opt/devkitpro/libnx/lib/libnx.a(hid.o)
                0x00000000000161a0                hidSetSupportedNpadIdType
 .text._nvCleanup
                0x00000000000162a0       0xd0 /opt/devkitpro/libnx/lib/libnx.a(nv.o)
 .text._nvCmdInitialize.constprop.0
                0x0000000000016370       0xd4 /opt/devkitpro/libnx/lib/libnx.a(nv.o)
 *fill*         0x0000000000016444        0xc 
 .text.__nx_nv_create_tmem
                0x0000000000016450       0x18 /opt/devkitpro/libnx/lib/libnx.a(nv.o)
                0x0000000000016450                __nx_nv_create_tmem
 *fill*         0x0000000000016468        0x8 
 .text.nvInitialize
                0x0000000000016470      0x3a8 /opt/devkitpro/libnx/lib/libnx.a(nv.o)
                0x0000000000016470                nvInitialize
 *fill*         0x0000000000016818        0x8 
 .text.nvExit   0x0000000000016820       0x48 /opt/devkitpro/libnx/lib/libnx.a(nv.o)
                0x0000000000016820                nvExit
 *fill*         0x0000000000016868        0x8 
 .text.nvConvertError
                0x0000000000016870       0xf4 /opt/devkitpro/libnx/lib/libnx.a(nv.o)
                0x0000000000016870                nvConvertError
 *fill*         0x0000000000016964        0xc 
 .text.nvOpen   0x0000000000016970      0x114 /opt/devkitpro/libnx/lib/libnx.a(nv.o)
                0x0000000000016970                nvOpen
 *fill*         0x0000000000016a84        0xc 
 .text.nvIoctl  0x0000000000016a90      0x310 /opt/devkitpro/libnx/lib/libnx.a(nv.o)
                0x0000000000016a90                nvIoctl
 .text.nvClose  0x0000000000016da0       0xd4 /opt/devkitpro/libnx/lib/libnx.a(nv.o)
                0x0000000000016da0                nvClose
 *fill*         0x0000000000016e74        0xc 
 .text.nvQueryEvent
                0x0000000000016e80      0x10c /opt/devkitpro/libnx/lib/libnx.a(nv.o)
                0x0000000000016e80                nvQueryEvent
 *fill*         0x0000000000016f8c        0x4 
 .text._timeCleanup
                0x0000000000016f90      0x27c /opt/devkitpro/libnx/lib/libnx.a(time.o)
 *fill*         0x000000000001720c        0x4 
 .text._timeCmdGetSession.constprop.0
                0x0000000000017210      0x100 /opt/devkitpro/libnx/lib/libnx.a(time.o)
 .text._timeReadClockFromSharedMem
                0x0000000000017310      0x104 /opt/devkitpro/libnx/lib/libnx.a(time.o)
 *fill*         0x0000000000017414        0xc 
 .text.timeInitialize
                0x0000000000017420      0x300 /opt/devkitpro/libnx/lib/libnx.a(time.o)
                0x0000000000017420                timeInitialize
 .text.timeExit
                0x0000000000017720       0x48 /opt/devkitpro/libnx/lib/libnx.a(time.o)
                0x0000000000017720                timeExit
 *fill*         0x0000000000017768        0x8 
 .text.timeGetServiceSession_SystemClock
                0x0000000000017770       0x38 /opt/devkitpro/libnx/lib/libnx.a(time.o)
                0x0000000000017770                timeGetServiceSession_SystemClock
 *fill*         0x00000000000177a8        0x8 
 .text.timeGetCurrentTime
                0x00000000000177b0       0xfc /opt/devkitpro/libnx/lib/libnx.a(time.o)
                0x00000000000177b0                timeGetCurrentTime
 *fill*         0x00000000000178ac        0x4 
 .text.timeToCalendarTimeWithMyRule
                0x00000000000178b0      0x108 /opt/devkitpro/libnx/lib/libnx.a(time.o)
                0x00000000000178b0                timeToCalendarTimeWithMyRule
 *fill*         0x00000000000179b8        0x8 
 .text.timeToPosixTimeWithMyRule
                0x00000000000179c0      0x114 /opt/devkitpro/libnx/lib/libnx.a(time.o)
                0x00000000000179c0                timeToPosixTimeWithMyRule
 *fill*         0x0000000000017ad4        0xc 
 .text._viCleanup
                0x0000000000017ae0      0x230 /opt/devkitpro/libnx/lib/libnx.a(vi.o)
 .text._viCmdGetSessionNoParams.constprop.0
                0x0000000000017d10      0x100 /opt/devkitpro/libnx/lib/libnx.a(vi.o)
 .text.viInitialize
                0x0000000000017e10      0x368 /opt/devkitpro/libnx/lib/libnx.a(vi.o)
                0x0000000000017e10                viInitialize
 *fill*         0x0000000000018178        0x8 
 .text.viExit   0x0000000000018180       0x48 /opt/devkitpro/libnx/lib/libnx.a(vi.o)
                0x0000000000018180                viExit
 *fill*         0x00000000000181c8        0x8 
 .text.viGetSession_IHOSBinderDriverRelay
                0x00000000000181d0        0xc /opt/devkitpro/libnx/lib/libnx.a(vi.o)
                0x00000000000181d0                viGetSession_IHOSBinderDriverRelay
 *fill*         0x00000000000181dc        0x4 
 .text.viOpenDisplay
                0x00000000000181e0      0x10c /opt/devkitpro/libnx/lib/libnx.a(vi.o)
                0x00000000000181e0                viOpenDisplay
 *fill*         0x00000000000182ec        0x4 
 .text.viCloseDisplay
                0x00000000000182f0       0xec /opt/devkitpro/libnx/lib/libnx.a(vi.o)
                0x00000000000182f0                viCloseDisplay
 *fill*         0x00000000000183dc        0x4 
 .text.viCloseLayer
                0x00000000000183e0       0xf4 /opt/devkitpro/libnx/lib/libnx.a(vi.o)
                0x00000000000183e0                viCloseLayer
 *fill*         0x00000000000184d4        0xc 
 .text.viCreateLayer
                0x00000000000184e0      0x394 /opt/devkitpro/libnx/lib/libnx.a(vi.o)
                0x00000000000184e0                viCreateLayer
 *fill*         0x0000000000018874        0xc 
 .text.viSetLayerScalingMode
                0x0000000000018880       0xd8 /opt/devkitpro/libnx/lib/libnx.a(vi.o)
                0x0000000000018880                viSetLayerScalingMode
 *fill*         0x0000000000018958        0x8 
 .text._nvFenceCleanup
                0x0000000000018960       0x74 /opt/devkitpro/libnx/lib/libnx.a(fence.o)
 *fill*         0x00000000000189d4        0xc 
 .text.nvFenceInit
                0x00000000000189e0       0x98 /opt/devkitpro/libnx/lib/libnx.a(fence.o)
                0x00000000000189e0                nvFenceInit
 *fill*         0x0000000000018a78        0x8 
 .text.nvFenceExit
                0x0000000000018a80       0x48 /opt/devkitpro/libnx/lib/libnx.a(fence.o)
                0x0000000000018a80                nvFenceExit
 *fill*         0x0000000000018ac8        0x8 
 .text.nvFenceWait
                0x0000000000018ad0      0x290 /opt/devkitpro/libnx/lib/libnx.a(fence.o)
                0x0000000000018ad0                nvFenceWait
 .text.nvMultiFenceWait
                0x0000000000018d60       0x7c /opt/devkitpro/libnx/lib/libnx.a(fence.o)
                0x0000000000018d60                nvMultiFenceWait
 *fill*         0x0000000000018ddc        0x4 
 .text.nvMapInit
                0x0000000000018de0       0xac /opt/devkitpro/libnx/lib/libnx.a(map.o)
                0x0000000000018de0                nvMapInit
 *fill*         0x0000000000018e8c        0x4 
 .text.nvMapExit
                0x0000000000018e90       0x74 /opt/devkitpro/libnx/lib/libnx.a(map.o)
                0x0000000000018e90                nvMapExit
 *fill*         0x0000000000018f04        0xc 
 .text.nvMapClose
                0x0000000000018f10       0x8c /opt/devkitpro/libnx/lib/libnx.a(map.o)
                0x0000000000018f10                nvMapClose
 *fill*         0x0000000000018f9c        0x4 
 .text.nvMapCreate
                0x0000000000018fa0      0x160 /opt/devkitpro/libnx/lib/libnx.a(map.o)
                0x0000000000018fa0                nvMapCreate
 .text.nvioctlNvhostCtrl_EventSignal
                0x0000000000019100       0x24 /opt/devkitpro/libnx/lib/libnx.a(nvhost-ctrl.o)
                0x0000000000019100                nvioctlNvhostCtrl_EventSignal
 *fill*         0x0000000000019124        0xc 
 .text.nvioctlNvhostCtrl_EventWait
                0x0000000000019130       0x3c /opt/devkitpro/libnx/lib/libnx.a(nvhost-ctrl.o)
                0x0000000000019130                nvioctlNvhostCtrl_EventWait
 *fill*         0x000000000001916c        0x4 
 .text.nvioctlNvhostCtrl_EventWaitAsync
                0x0000000000019170       0x28 /opt/devkitpro/libnx/lib/libnx.a(nvhost-ctrl.o)
                0x0000000000019170                nvioctlNvhostCtrl_EventWaitAsync
 *fill*         0x0000000000019198        0x8 
 .text.nvioctlNvhostCtrl_EventRegister
                0x00000000000191a0       0x24 /opt/devkitpro/libnx/lib/libnx.a(nvhost-ctrl.o)
                0x00000000000191a0                nvioctlNvhostCtrl_EventRegister
 *fill*         0x00000000000191c4        0xc 
 .text.nvioctlNvhostCtrl_EventUnregister
                0x00000000000191d0       0x24 /opt/devkitpro/libnx/lib/libnx.a(nvhost-ctrl.o)
                0x00000000000191d0                nvioctlNvhostCtrl_EventUnregister
 *fill*         0x00000000000191f4        0xc 
 .text.nvioctlNvmap_Create
                0x0000000000019200       0x3c /opt/devkitpro/libnx/lib/libnx.a(nvmap.o)
                0x0000000000019200                nvioctlNvmap_Create
 *fill*         0x000000000001923c        0x4 
 .text.nvioctlNvmap_Alloc
                0x0000000000019240       0x30 /opt/devkitpro/libnx/lib/libnx.a(nvmap.o)
                0x0000000000019240                nvioctlNvmap_Alloc
 .text.nvioctlNvmap_Free
                0x0000000000019270       0x30 /opt/devkitpro/libnx/lib/libnx.a(nvmap.o)
                0x0000000000019270                nvioctlNvmap_Free
 .text.nvioctlNvmap_GetId
                0x00000000000192a0       0x3c /opt/devkitpro/libnx/lib/libnx.a(nvmap.o)
                0x00000000000192a0                nvioctlNvmap_GetId
 *fill*         0x00000000000192dc        0x4 
 .text.binderCreate
                0x00000000000192e0       0x1c /opt/devkitpro/libnx/lib/libnx.a(binder.o)
                0x00000000000192e0                binderCreate
 *fill*         0x00000000000192fc        0x4 
 .text.binderTransactParcel
                0x0000000000019300      0x35c /opt/devkitpro/libnx/lib/libnx.a(binder.o)
                0x0000000000019300                binderTransactParcel
 *fill*         0x000000000001965c        0x4 
 .text.binderConvertErrorCode
                0x0000000000019660       0xe8 /opt/devkitpro/libnx/lib/libnx.a(binder.o)
                0x0000000000019660                binderConvertErrorCode
 *fill*         0x0000000000019748        0x8 
 .text.binderAdjustRefcount
                0x0000000000019750      0x124 /opt/devkitpro/libnx/lib/libnx.a(binder.o)
                0x0000000000019750                binderAdjustRefcount
 *fill*         0x0000000000019874        0xc 
 .text.binderInitSession
                0x0000000000019880       0x9c /opt/devkitpro/libnx/lib/libnx.a(binder.o)
                0x0000000000019880                binderInitSession
 *fill*         0x000000000001991c        0x4 
 .text.binderClose
                0x0000000000019920       0x5c /opt/devkitpro/libnx/lib/libnx.a(binder.o)
                0x0000000000019920                binderClose
 *fill*         0x000000000001997c        0x4 
 .text.binderGetNativeHandle
                0x0000000000019980      0x154 /opt/devkitpro/libnx/lib/libnx.a(binder.o)
                0x0000000000019980                binderGetNativeHandle
 *fill*         0x0000000000019ad4        0xc 
 .text.bqRequestBuffer
                0x0000000000019ae0       0xc8 /opt/devkitpro/libnx/lib/libnx.a(buffer_producer.o)
                0x0000000000019ae0                bqRequestBuffer
 *fill*         0x0000000000019ba8        0x8 
 .text.bqDequeueBuffer
                0x0000000000019bb0      0x128 /opt/devkitpro/libnx/lib/libnx.a(buffer_producer.o)
                0x0000000000019bb0                bqDequeueBuffer
 *fill*         0x0000000000019cd8        0x8 
 .text.bqQueueBuffer
                0x0000000000019ce0       0xc8 /opt/devkitpro/libnx/lib/libnx.a(buffer_producer.o)
                0x0000000000019ce0                bqQueueBuffer
 *fill*         0x0000000000019da8        0x8 
 .text.bqCancelBuffer
                0x0000000000019db0       0x84 /opt/devkitpro/libnx/lib/libnx.a(buffer_producer.o)
                0x0000000000019db0                bqCancelBuffer
 *fill*         0x0000000000019e34        0xc 
 .text.bqConnect
                0x0000000000019e40       0xd0 /opt/devkitpro/libnx/lib/libnx.a(buffer_producer.o)
                0x0000000000019e40                bqConnect
 .text.bqDisconnect
                0x0000000000019f10       0x88 /opt/devkitpro/libnx/lib/libnx.a(buffer_producer.o)
                0x0000000000019f10                bqDisconnect
 *fill*         0x0000000000019f98        0x8 
 .text.bqSetPreallocatedBuffer
                0x0000000000019fa0      0x194 /opt/devkitpro/libnx/lib/libnx.a(buffer_producer.o)
                0x0000000000019fa0                bqSetPreallocatedBuffer
 *fill*         0x000000000001a134        0xc 
 .text.parcelCreate
                0x000000000001a140       0x30 /opt/devkitpro/libnx/lib/libnx.a(parcel.o)
                0x000000000001a140                parcelCreate
 .text.parcelTransact
                0x000000000001a170      0x174 /opt/devkitpro/libnx/lib/libnx.a(parcel.o)
                0x000000000001a170                parcelTransact
 *fill*         0x000000000001a2e4        0xc 
 .text.parcelWriteData
                0x000000000001a2f0       0x80 /opt/devkitpro/libnx/lib/libnx.a(parcel.o)
                0x000000000001a2f0                parcelWriteData
 .text.parcelReadData
                0x000000000001a370       0x88 /opt/devkitpro/libnx/lib/libnx.a(parcel.o)
                0x000000000001a370                parcelReadData
 *fill*         0x000000000001a3f8        0x8 
 .text.parcelWriteInt32
                0x000000000001a400       0x20 /opt/devkitpro/libnx/lib/libnx.a(parcel.o)
                0x000000000001a400                parcelWriteInt32
 .text.parcelWriteUInt32
                0x000000000001a420       0x20 /opt/devkitpro/libnx/lib/libnx.a(parcel.o)
                0x000000000001a420                parcelWriteUInt32
 .text.parcelWriteString16
                0x000000000001a440       0x7c /opt/devkitpro/libnx/lib/libnx.a(parcel.o)
                0x000000000001a440                parcelWriteString16
 *fill*         0x000000000001a4bc        0x4 
 .text.parcelWriteInterfaceToken
                0x000000000001a4c0       0x30 /opt/devkitpro/libnx/lib/libnx.a(parcel.o)
                0x000000000001a4c0                parcelWriteInterfaceToken
 .text.parcelReadInt32
                0x000000000001a4f0       0x24 /opt/devkitpro/libnx/lib/libnx.a(parcel.o)
                0x000000000001a4f0                parcelReadInt32
 *fill*         0x000000000001a514        0xc 
 .text.parcelReadFlattenedObject
                0x000000000001a520       0x68 /opt/devkitpro/libnx/lib/libnx.a(parcel.o)
                0x000000000001a520                parcelReadFlattenedObject
 *fill*         0x000000000001a588        0x8 
 .text.parcelWriteFlattenedObject
                0x000000000001a590       0x44 /opt/devkitpro/libnx/lib/libnx.a(parcel.o)
                0x000000000001a590                parcelWriteFlattenedObject
 *fill*         0x000000000001a5d4        0xc 
 .text.libappletArgsCreate
                0x000000000001a5e0       0x40 /opt/devkitpro/libnx/lib/libnx.a(libapplet.o)
                0x000000000001a5e0                libappletArgsCreate
 .text.libappletCreateWriteStorage
                0x000000000001a620       0x68 /opt/devkitpro/libnx/lib/libnx.a(libapplet.o)
                0x000000000001a620                libappletCreateWriteStorage
 *fill*         0x000000000001a688        0x8 
 .text.libappletArgsPush
                0x000000000001a690       0x44 /opt/devkitpro/libnx/lib/libnx.a(libapplet.o)
                0x000000000001a690                libappletArgsPush
 *fill*         0x000000000001a6d4        0xc 
 .text.libappletPushInData
                0x000000000001a6e0       0x34 /opt/devkitpro/libnx/lib/libnx.a(libapplet.o)
                0x000000000001a6e0                libappletPushInData
 *fill*         0x000000000001a714        0xc 
 .text.argvSetup
                0x000000000001a720      0x314 /opt/devkitpro/libnx/lib/libnx.a(argv.o)
                0x000000000001a720                argvSetup
 *fill*         0x000000000001aa34        0xc 
 .text.__nx_dynamic
                0x000000000001aa40      0x1fc /opt/devkitpro/libnx/lib/libnx.a(dynamic.o)
                0x000000000001aa40                __nx_dynamic
 *fill*         0x000000000001ac3c        0x4 
 .text.__libnx_initheap
                0x000000000001ac40       0xd0 /opt/devkitpro/libnx/lib/libnx.a(init.o)
                0x000000000001ac40                __libnx_initheap
 .text.__appInit
                0x000000000001ad10       0xec /opt/devkitpro/libnx/lib/libnx.a(init.o)
                0x000000000001ad10                __appInit
 *fill*         0x000000000001adfc        0x4 
 .text.__appExit
                0x000000000001ae00       0x44 /opt/devkitpro/libnx/lib/libnx.a(init.o)
                0x000000000001ae00                __appExit
 *fill*         0x000000000001ae44        0xc 
 .text.__libnx_init
                0x000000000001ae50       0x2c /opt/devkitpro/libnx/lib/libnx.a(init.o)
                0x000000000001ae50                __libnx_init
 *fill*         0x000000000001ae7c        0x4 
 .text.__libnx_exit
                0x000000000001ae80       0x1c /opt/devkitpro/libnx/lib/libnx.a(init.o)
                0x000000000001ae80                __libnx_exit
 *fill*         0x000000000001ae9c        0x4 
 .text.__syscall_exit
                0x000000000001aea0       0x1c /opt/devkitpro/libnx/lib/libnx.a(newlib.o)
                0x000000000001aea0                __syscall_exit
 *fill*         0x000000000001aebc        0x4 
 .text.__syscall_getreent
                0x000000000001aec0       0x34 /opt/devkitpro/libnx/lib/libnx.a(newlib.o)
                0x000000000001aec0                __syscall_getreent
 *fill*         0x000000000001aef4        0xc 
 .text.__syscall_lock_acquire
                0x000000000001af00        0x4 /opt/devkitpro/libnx/lib/libnx.a(newlib.o)
                0x000000000001af00                __syscall_lock_acquire
 *fill*         0x000000000001af04        0xc 
 .text.__syscall_lock_release
                0x000000000001af10        0x4 /opt/devkitpro/libnx/lib/libnx.a(newlib.o)
                0x000000000001af10                __syscall_lock_release
 *fill*         0x000000000001af14        0xc 
 .text.__syscall_lock_acquire_recursive
                0x000000000001af20        0x4 /opt/devkitpro/libnx/lib/libnx.a(newlib.o)
                0x000000000001af20                __syscall_lock_acquire_recursive
 *fill*         0x000000000001af24        0xc 
 .text.__syscall_lock_release_recursive
                0x000000000001af30        0x4 /opt/devkitpro/libnx/lib/libnx.a(newlib.o)
                0x000000000001af30                __syscall_lock_release_recursive
 *fill*         0x000000000001af34        0xc 
 .text.__syscall_cond_broadcast
                0x000000000001af40       0x1c /opt/devkitpro/libnx/lib/libnx.a(newlib.o)
                0x000000000001af40                __syscall_cond_broadcast
 *fill*         0x000000000001af5c        0x4 
 .text.__syscall_cond_wait
                0x000000000001af60       0x3c /opt/devkitpro/libnx/lib/libnx.a(newlib.o)
                0x000000000001af60                __syscall_cond_wait
 *fill*         0x000000000001af9c        0x4 
 .text.__syscall_thread_self
                0x000000000001afa0       0x14 /opt/devkitpro/libnx/lib/libnx.a(newlib.o)
                0x000000000001afa0                __syscall_thread_self
 *fill*         0x000000000001afb4        0xc 
 .text.__syscall_thread_exit
                0x000000000001afc0       0x2c /opt/devkitpro/libnx/lib/libnx.a(newlib.o)