0000000000000000 0000000000000004 b fsdev_last_result
0000000000000000 a __start__
0000000000000000 T _start
0000000000000000 b _TLS_MODULE_BASE_
0000000000000008 0000000000000401 B __nx_dev_path_buf
00000000000000e0 T __nx_exit
00000000000000f0 T __nx_mod0
0000000000000130 0000000000000010 T std::terminate()
0000000000000140 0000000000000010 T std::unexpected()
0000000000000150 0000000000000050 T std::__throw_logic_error(char const*)
00000000000001a0 0000000000000050 T std::__throw_length_error(char const*)
00000000000001f0 0000000000000180 W std::__cxx11::basic_string<char, std::char_traits<char>, std::allocator<char> >::_M_replace_cold(char*, unsigned long, char const*, unsigned long, unsigned long)
0000000000000370 00000000000000b4 T std::__throw_system_error(int)
000000000000040c 0000000000000004 B g_bsdErrno
0000000000000410 0000000000000004 B g_bsdResult
0000000000000414 0000000000000004 b g_fsPriority
0000000000000424 0000000000000034 W __gnu_cxx::__throw_concurrence_lock_error()
0000000000000458 0000000000000034 W __gnu_cxx::__throw_concurrence_unlock_error()
000000000000048c 0000000000000044 T __cxa_call_terminate
00000000000004d0 0000000000000034 t _GLOBAL__sub_D__Z9glyph_forc
0000000000000520 0000000000000014 t _GLOBAL__sub_D_eh_alloc.cc
0000000000000540 0000000000000034 t _GLOBAL__sub_D_eh_globals.cc
0000000000000580 0000000000000034 T exit
00000000000005c0 000000000000111c T main
00000000000016e0 00000000000000a0 t _GLOBAL__sub_I__Z9glyph_forc
0000000000001780 00000000000001f0 t _GLOBAL__sub_I_eh_alloc.cc
0000000000001980 0000000000000038 t _GLOBAL__sub_I_eh_globals.cc
00000000000019c0 t __do_global_dtors_aux
0000000000001a20 t frame_dummy
0000000000001a50 0000000000000004 W std::thread::_M_thread_deps_never_run()
0000000000001a60 0000000000000054 W std::thread::_State_impl<std::thread::_Invoker<std::tuple<void (*)(std::__cxx11::basic_string<char, std::char_traits<char>, std::allocator<char> >), std::__cxx11::basic_string<char, std::char_traits<char>, std::allocator<char> > > > >::~_State_impl()
0000000000001a60 0000000000000054 W std::thread::_State_impl<std::thread::_Invoker<std::tuple<void (*)(std::__cxx11::basic_string<char, std::char_traits<char>, std::allocator<char> >), std::__cxx11::basic_string<char, std::char_traits<char>, std::allocator<char> > > > >::~_State_impl()
0000000000001ac0 0000000000000058 W std::thread::_State_impl<std::thread::_Invoker<std::tuple<void (*)(std::__cxx11::basic_string<char, std::char_traits<char>, std::allocator<char> >), std::__cxx11::basic_string<char, std::char_traits<char>, std::allocator<char> > > > >::~_State_impl()
0000000000001b20 00000000000000b0 W std::thread::_State_impl<std::thread::_Invoker<std::tuple<void (*)(std::__cxx11::basic_string<char, std::char_traits<char>, std::allocator<char> >), std::__cxx11::basic_string<char, std::char_traits<char>, std::allocator<char> > > > >::_M_run()
0000000000001bd0 0000000000000474 T glyph_for(char)
0000000000002050 0000000000000080 T fill_rect(Canvas&, int, int, int, int, unsigned int)
00000000000020d0 0000000000000068 T stroke_rect(Canvas&, int, int, int, int, unsigned int)
0000000000002140 00000000000001b0 T load_config_ip(std::__cxx11::basic_string<char, std::char_traits<char>, std::allocator<char> >&)
00000000000022f0 0000000000000078 T save_config_ip(std::__cxx11::basic_string<char, std::char_traits<char>, std::allocator<char> > const&)
0000000000002370 0000000000000220 T get_ip_from_keyboard(std::__cxx11::basic_string<char, std::char_traits<char>, std::allocator<char> >&)
0000000000002590 0000000000000ab4 T http_post_motors(std::__cxx11::basic_string<char, std::char_traits<char>, std::allocator<char> > const&, int, float, float, float, float)
0000000000003050 00000000000000c4 T draw_bmp_frame(Canvas&, std::vector<unsigned char, std::allocator<unsigned char> > const&)
0000000000003120 00000000000000ec T draw_cyber_grid(Canvas&, unsigned long)
0000000000003210 0000000000000d20 T draw_hud_overlays(Canvas&, std::__cxx11::basic_string<char, std::char_traits<char>, std::allocator<char> > const&, float, float, float, float)
0000000000003f30 00000000000000e4 W std::__cxx11::basic_string<char, std::char_traits<char>, std::allocator<char> >::basic_string<std::allocator<char> >(char const*, std::allocator<char> const&)
0000000000003f30 00000000000000e4 W std::__cxx11::basic_string<char, std::char_traits<char>, std::allocator<char> >::basic_string<std::allocator<char> >(char const*, std::allocator<char> const&)
0000000000004020 000000000000001c W std::_Vector_base<unsigned char, std::allocator<unsigned char> >::~_Vector_base()
0000000000004020 000000000000001c W std::_Vector_base<unsigned char, std::allocator<unsigned char> >::~_Vector_base()
0000000000004040 0000000000000144 W std::thread::thread<void (&)(std::__cxx11::basic_string<char, std::char_traits<char>, std::allocator<char> >), std::__cxx11::basic_string<char, std::char_traits<char>, std::allocator<char> >&, void>(void (&)(std::__cxx11::basic_string<char, std::char_traits<char>, std::allocator<char> >), std::__cxx11::basic_string<char, std::char_traits<char>, std::allocator<char> >&)
0000000000004040 0000000000000144 W std::thread::thread<void (&)(std::__cxx11::basic_string<char, std::char_traits<char>, std::allocator<char> >), std::__cxx11::basic_string<char, std::char_traits<char>, std::allocator<char> >&, void>(void (&)(std::__cxx11::basic_string<char, std::char_traits<char>, std::allocator<char> >), std::__cxx11::basic_string<char, std::char_traits<char>, std::allocator<char> >&)
0000000000004190 00000000000000a0 W std::vector<unsigned char, std::allocator<unsigned char> >::_M_erase(__gnu_cxx::__normal_iterator<unsigned char*, std::vector<unsigned char, std::allocator<unsigned char> > >, __gnu_cxx::__normal_iterator<unsigned char*, std::vector<unsigned char, std::allocator<unsigned char> > >)
0000000000004230 0000000000000db0 T camera_fetching_thread(std::__cxx11::basic_string<char, std::char_traits<char>, std::allocator<char> >)
0000000000004fe0 0000000000000018 t _appletInfiniteSleepLoop
0000000000005000 0000000000000108 t _appletCmdGetSession
0000000000005110 00000000000000cc t _appletCmdInU8NoOut
00000000000051e0 00000000000000d0 t _appletCmdInSession
00000000000052b0 00000000000000cc t _appletCmdInU32NoOut
0000000000005380 000000000000011c t _appletCreateLibraryApplet
00000000000054a0 0000000000000114 t _appletCmdGetSessionInU64
00000000000055c0 0000000000000120 t _appletCmdInHandleU64OutSession
00000000000056e0 000000000000012c t _appletGetSessionProxy.constprop.0
0000000000005810 0000000000000148 t _appletOpenLibraryAppletProxy.constprop.0
0000000000005960 00000000000000f8 t _appletCmdGetEvent
0000000000005a60 0000000000000284 t _appletStorageRW.part.0
0000000000005cf0 000000000000012c t _appletCreateTransferMemoryStorage.isra.0
0000000000005e20 00000000000000d4 t _appletCmdNoInOutU8.isra.0
0000000000005f00 00000000000000d4 t _appletCmdNoInOutU32.isra.0
0000000000005fe0 00000000000000d4 t _appletCmdNoInOutU64.isra.0
00000000000060c0 00000000000000c0 t _appletCmdNoIO.isra.0
0000000000006180 0000000000000010 T appletGetAppletType
0000000000006190 000000000000000c T appletGetThemeColorType
00000000000061a0 00000000000001b8 T appletSetFocusHandlingMode
0000000000006360 000000000000005c T appletSetCpuBoostMode
00000000000063c0 000000000000002c T appletCreateManagedDisplayLayer
00000000000063f0 000000000000000c T appletGetAppletResourceUserId
0000000000006400 0000000000000138 t _appletHolderCreateState
0000000000006540 00000000000000a4 T appletCreateLibraryApplet
00000000000065f0 00000000000000b0 T appletHolderClose
00000000000066a0 00000000000000a0 T appletHolderStart
0000000000006740 0000000000000084 T appletHolderJoin
00000000000067d0 0000000000000008 T appletHolderGetExitReason
00000000000067e0 0000000000000070 T appletHolderGetPopInteractiveOutDataEvent
0000000000006850 0000000000000088 T appletHolderWaitInteractiveOut
00000000000068e0 0000000000000028 T appletHolderPopOutData
0000000000006910 0000000000000028 T appletHolderPopInteractiveOutData
0000000000006940 0000000000000024 T appletHolderGetLibraryAppletInfo
0000000000006970 0000000000000028 T appletCreateStorage
00000000000069a0 00000000000000b0 T appletCreateTransferMemoryStorage
0000000000006a50 000000000000005c T appletCreateHandleStorage
0000000000006ab0 000000000000009c T appletCreateHandleStorageTmem
0000000000006b50 0000000000000090 T appletStorageClose
0000000000006be0 000000000000005c T appletHolderPushInData
0000000000006c40 000000000000005c T appletHolderPushInteractiveInData
0000000000006ca0 0000000000000008 T appletStorageCloseTmem
0000000000006cb0 0000000000000018 T appletStorageWrite
0000000000006cd0 0000000000000018 T appletStorageRead
0000000000006cf0 0000000000000090 T appletNotifyRunning
0000000000006d80 0000000000000078 T appletSetGamePlayRecordingState
0000000000006e00 0000000000000ad4 t _appletCleanup
00000000000078e0 0000000000000048 T appletExit
0000000000007930 0000000000000040 T appletGetLibraryAppletInfo
0000000000007970 0000000000000c14 T appletInitialize
0000000000008590 0000000000000024 t _appletExitProcess
00000000000085c0 0000000000000074 T appletGetMessage
0000000000008640 0000000000000264 T appletProcessMessage
00000000000088b0 0000000000000034 T appletMainLoop
00000000000088f0 00000000000000cc t _smCmifCmdInPid
00000000000089c0 0000000000000078 t _smCleanup
0000000000008a40 0000000000000048 T smAddOverrideHandle
0000000000008a90 0000000000000054 T smGetServiceOverride
0000000000008af0 00000000000001ac T smInitialize
0000000000008ca0 0000000000000048 T smExit
0000000000008cf0 00000000000000d0 T smGetServiceOriginal
0000000000008dc0 0000000000000120 T smGetServiceWrapper
0000000000008ee0 000000000000000c T nwindowGetDefault
0000000000008ef0 00000000000000a4 T __nx_win_init
0000000000008fa0 0000000000000034 T __nx_win_exit
0000000000008fe0 000000000000008c T framebufferMakeLinear
0000000000009070 0000000000000084 T framebufferClose
0000000000009100 0000000000000290 T framebufferCreate
0000000000009390 000000000000007c T framebufferBegin
0000000000009410 0000000000000198 T framebufferEnd
00000000000095b0 0000000000000024 T nwindowIsValid
00000000000095e0 000000000000007c T nwindowClose
0000000000009660 00000000000000f8 T nwindowCreate
0000000000009760 0000000000000038 T nwindowCreateFromLayer
00000000000097a0 0000000000000084 T nwindowSetDimensions
0000000000009830 0000000000000180 T nwindowConfigureBuffer
00000000000099b0 00000000000001cc T nwindowDequeueBuffer
0000000000009b80 000000000000012c T nwindowQueueBuffer
0000000000009cb0 00000000000000bc T nwindowReleaseBuffers
0000000000009d70 00000000000000b4 t _swkbdInitVersion
0000000000009e30 00000000000000bc T swkbdCreate
0000000000009ef0 0000000000000030 T swkbdClose
0000000000009f20 0000000000000068 T swkbdConfigMakePresetDefault
0000000000009f90 000000000000003c T swkbdConfigSetHeaderText
0000000000009fd0 000000000000003c T swkbdConfigSetGuideText
000000000000a010 0000000000000060 T swkbdConfigSetInitialText
000000000000a070 00000000000004ec T swkbdShow
000000000000a560 0000000000000004 W __libnx_alloc
000000000000a570 0000000000000014 W __libnx_aligned_alloc
000000000000a590 0000000000000004 W __libnx_free
000000000000a5a0 000000000000001c W diagAbortWithResult
000000000000a5c0 0000000000000208 T envSetup
000000000000a7d0 0000000000000020 T envGetMainThreadHandle
000000000000a7f0 000000000000000c T envIsNso
000000000000a800 0000000000000014 T envHasHeapOverride
000000000000a820 000000000000000c T envGetHeapOverrideAddr
000000000000a830 000000000000000c T envGetHeapOverrideSize
000000000000a840 0000000000000014 T envHasArgv
000000000000a860 000000000000000c T envGetArgv
000000000000a870 000000000000000c T envGetExitFuncPtr
000000000000a880 000000000000000c T envSetExitFuncPtr
000000000000a890 000000000000000c T envHasRandomSeed
000000000000a8a0 0000000000000010 T envGetRandomSeed
000000000000a8b0 0000000000000014 T hosversionGet
000000000000a8d0 0000000000000010 T hosversionSet
000000000000a8e0 000000000000009c T padConfigureInput
000000000000a980 0000000000000024 T padInitializeWithMask
000000000000a9b0 000000000000029c T padUpdate
000000000000ac50 0000000000000050 t consoleDrawChar
000000000000aca0 00000000000000b8 t consoleNewRow
000000000000ad60 0000000000000194 t consolePrintChar.part.0
000000000000af00 0000000000000df8 t con_write
000000000000bd00 0000000000000160 T consoleInit
000000000000be60 000000000000002c T consoleUpdate
000000000000be90 00000000000001bc t ConsoleSwRenderer_drawChar
000000000000c050 00000000000000e8 t ConsoleSwRenderer_init
000000000000c140 0000000000000078 t ConsoleSwRenderer_flushAndSwap
000000000000c1c0 00000000000000dc t ConsoleSwRenderer_scrollWindow
000000000000c2a0 0000000000000050 t ConsoleSwRenderer_deinit
000000000000c2f0 000000000000000c W getDefaultConsoleRenderer
000000000000c300 0000000000000010 t fsdev_link
000000000000c310 0000000000000010 t fsdev_dirreset
000000000000c320 0000000000000010 t fsdev_chmod
000000000000c330 0000000000000018 t error_cmp
000000000000c350 0000000000000020 t fsdev_dirclose
000000000000c370 000000000000001c t fsdev_close
000000000000c390 0000000000000074 t fsdev_converttimetoutc
000000000000c410 00000000000000f8 t fsdevFindDevice.part.0
000000000000c510 00000000000001cc t fsdev_fixpath
000000000000c6e0 000000000000009c t _fsdevUnmountDeviceStruct.part.0
000000000000c780 0000000000000010 t fsdev_fchmod
000000000000c790 0000000000000100 t fsdev_diropen
000000000000c890 00000000000000f8 t fsdev_statvfs
000000000000c990 000000000000007c t fsdev_fsync
000000000000ca10 00000000000000ec t fsdev_fstat
000000000000cb00 0000000000000094 t fsdev_ftruncate
000000000000cba0 00000000000001d8 t fsdev_stat
000000000000cd80 000000000000014c t fsdev_rename
000000000000ced0 000000000000013c t fsdev_chdir
000000000000d010 00000000000000a4 t fsdev_rmdir
000000000000d0c0 00000000000000a4 t fsdev_mkdir
000000000000d170 00000000000000a4 t fsdev_unlink
000000000000d220 000000000000013c t fsdev_write_safe
000000000000d360 0000000000000134 t fsdev_read_safe
000000000000d4a0 0000000000000100 t fsdev_read
000000000000d5a0 00000000000001d4 t fsdev_dirnext
000000000000d780 0000000000000124 t fsdev_write
000000000000d8b0 0000000000000110 t fsdev_seek
000000000000d9c0 0000000000000230 t fsdev_open
000000000000dbf0 0000000000000324 T fsdevMountDevice
000000000000df20 0000000000000040 T fsdevMountSdmc
000000000000df60 00000000000000bc T __libnx_init_cwd
000000000000e020 0000000000000064 T fsdevUnmountAll
000000000000e090 0000000000000084 T fsdevTranslatePath
000000000000e120 0000000000000008 t romfs_close
000000000000e130 0000000000000088 t romfs_seek
000000000000e1c0 000000000000001c t romfs_dirreset
000000000000e1e0 0000000000000100 t fillDir
000000000000e2e0 00000000000002b0 t romfs_dirnext
000000000000e590 0000000000000150 t searchForDir
000000000000e6e0 0000000000000150 t searchForFile
000000000000e830 0000000000000150 t _romfs_read_safe
000000000000e980 00000000000000b8 t _romfs_read
000000000000ea40 0000000000000080 t romfs_read
000000000000eac0 00000000000000b4 t romfs_free
000000000000eb80 00000000000001f4 t navigateToDir.constprop.0
000000000000ed80 0000000000000108 t romfs_open
000000000000ee90 00000000000001a0 t romfs_stat
000000000000f030 0000000000000054 t romfs_chdir
000000000000f090 0000000000000084 t romfs_diropen
000000000000f120 0000000000000008 t romfs_dirclose
000000000000f130 0000000000000188 t romfsFindMount
000000000000f2c0 0000000000000070 t romfs_fstat
000000000000f330 00000000000001b0 t romfsMountCommon
000000000000f4e0 0000000000000068 T romfsMountFromFile
000000000000f550 000000000000006c T romfsMountFromStorage
000000000000f5c0 0000000000000038 T romfsMountFromCurrentProcess
000000000000f600 0000000000000188 T romfsMountSelf
000000000000f790 00000000000000a8 T romfsUnmount
000000000000f840 000000000000007c t _socketGetFd
000000000000f8c0 00000000000000a4 t _socketParseBsdResult.part.0
000000000000f970 0000000000000050 t _socketRead
000000000000f9c0 0000000000000050 t _socketWrite
000000000000fa10 0000000000000044 t _socketClose
000000000000fa60 000000000000008c t _socketOpen
000000000000faf0 000000000000001c T socketExit
000000000000fb10 00000000000001b4 T socketInitialize
000000000000fcd0 0000000000000098 T socket
000000000000fd70 000000000000005c T recv
000000000000fdd0 000000000000005c T send
000000000000fe30 0000000000000060 T connect
000000000000fe90 0000000000000068 T setsockopt
000000000000ff00 00000000000001b4 t _inetAtonDetail
00000000000100c0 0000000000000280 T inet_pton
0000000000010340 0000000000000128 T decode_utf8
0000000000010470 0000000000000134 T utf16_to_utf8
00000000000105b0 0000000000000104 T utf8_to_utf16
00000000000106b4 T armDCacheFlush
00000000000106e4 t armDCacheFlush_L0
0000000000010700 T svcSetHeapSize
0000000000010714 T svcSetMemoryPermission
000000000001071c T svcSetMemoryAttribute
0000000000010724 T svcMapMemory
000000000001072c T svcUnmapMemory
0000000000010734 T svcQueryMemory
0000000000010748 T svcExitProcess
0000000000010750 T svcCreateThread
0000000000010764 T svcStartThread
000000000001076c T svcExitThread
0000000000010774 T svcSleepThread
000000000001077c T svcSetThreadCoreMask
0000000000010784 T svcMapSharedMemory
000000000001078c T svcUnmapSharedMemory
0000000000010794 T svcCreateTransferMemory
00000000000107a8 T svcCloseHandle
00000000000107b0 T svcResetSignal
00000000000107b8 T svcWaitSynchronization
00000000000107cc T svcArbitrateLock
00000000000107d4 T svcArbitrateUnlock
00000000000107dc T svcWaitProcessWideKeyAtomic
00000000000107e4 T svcSignalProcessWideKey
00000000000107ec T svcConnectToNamedPort
0000000000010800 T svcSendSyncRequest
0000000000010808 T svcBreak
0000000000010810 T svcReturnFromException
0000000000010818 T svcGetInfo
000000000001082c T svcUnmapTransferMemory
0000000000010834 T __aarch64_read_tp
0000000000010840 000000000000000c T eventLoadRemote
0000000000010850 0000000000000034 T eventWait
0000000000010890 0000000000000054 T eventClose
00000000000108f0 00000000000000c8 T mutexLock
00000000000109c0 0000000000000068 T mutexUnlock
0000000000010a30 000000000000001c T mutexIsLockedByCurrentThread
0000000000010a50 0000000000000050 T rmutexLock
0000000000010aa0 0000000000000018 T rmutexUnlock
0000000000010ac0 00000000000000a8 T tmemCreate
0000000000010b70 000000000000002c T tmemCreateFromMemory
0000000000010ba0 0000000000000034 T tmemUnmap
0000000000010be0 0000000000000030 T tmemCloseHandle
0000000000010c10 000000000000009c T tmemWaitForPermission
0000000000010cb0 0000000000000050 T tmemClose
0000000000010d00 0000000000000064 t _memregionInitWithInfo
0000000000010d70 0000000000000004 W __libnx_virtmem_rng
0000000000010d80 0000000000000164 t _memregionFindRandom
0000000000010ef0 0000000000000140 T virtmemSetup
0000000000011030 000000000000000c T virtmemLock
0000000000011040 000000000000000c T virtmemUnlock
0000000000011050 0000000000000050 T virtmemFindAslr
00000000000110a0 0000000000000050 T virtmemFindStack
00000000000110f0 000000000000057c T waitObjects
0000000000011670 0000000000000118 T waitHandles
0000000000011790 00000000000000d4 t _apmCleanup
0000000000011870 0000000000000194 T apmInitialize
0000000000011a10 0000000000000048 T apmExit
0000000000011a60 00000000000000c8 T apmSetPerformanceConfiguration
0000000000011b30 00000000000000f4 t _bsdCleanup
0000000000011c30 0000000000000144 t _bsdCmdInDomainTypeProtocol
0000000000011d80 00000000000001ac t _bsdCmdInSockfdSockaddr
0000000000011f30 0000000000000124 t _bsdRegisterClient.constprop.0
0000000000012060 0000000000000358 T bsdInitialize
00000000000123c0 0000000000000048 T bsdExit
0000000000012410 0000000000000008 T bsdSocket
0000000000012420 00000000000001c8 T bsdOpen
00000000000125f0 00000000000001bc T bsdRecv
00000000000127b0 00000000000001c8 T bsdSend
0000000000012980 0000000000000008 T bsdConnect
0000000000012990 00000000000001c4 T bsdSetSockOpt
0000000000012b60 00000000000001bc T bsdWrite
0000000000012d20 00000000000001b0 T bsdRead
0000000000012ed0 0000000000000134 T bsdClose
0000000000013010 00000000000000b4 t _fsCleanup
00000000000130d0 00000000000001c0 t _fsCmdNoIO
0000000000013290 00000000000001e0 t _fsFsCmdWithInPath
0000000000013470 00000000000001f8 t _fsFsCmdWithTwoInPaths
0000000000013670 000000000000028c t _fsFsOpenCommon
0000000000013900 00000000000001fc t _fsFsCmdWithInPathAndOutU64
0000000000013b00 00000000000000f8 t _fsObjectClose
0000000000013c00 000000000000017c t _fsCmdGetSession.constprop.0
0000000000013d80 00000000000002f8 T fsInitialize
0000000000014080 0000000000000048 T fsExit
00000000000140d0 0000000000000008 T fsOpenSdCardFileSystem
00000000000140e0 0000000000000008 T fsOpenDataStorageByCurrentProcess
00000000000140f0 00000000000001ec T fsFsCreateFile
00000000000142e0 0000000000000008 T fsFsDeleteFile
00000000000142f0 0000000000000008 T fsFsCreateDirectory
0000000000014300 0000000000000008 T fsFsDeleteDirectory
0000000000014310 0000000000000008 T fsFsRenameFile
0000000000014320 0000000000000008 T fsFsRenameDirectory
0000000000014330 00000000000001f0 T fsFsGetEntryType
0000000000014520 0000000000000008 T fsFsOpenFile
0000000000014530 0000000000000008 T fsFsOpenDirectory
0000000000014540 0000000000000008 T fsFsGetFreeSpace
0000000000014550 0000000000000008 T fsFsGetTotalSpace
0000000000014560 0000000000000230 T fsFsGetFileTimeStampRaw
0000000000014790 0000000000000004 T fsFsClose
00000000000147a0 0000000000000214 T fsFileRead
00000000000149c0 00000000000001f8 T fsFileWrite
0000000000014bc0 0000000000000008 T fsFileFlush
0000000000014bd0 00000000000001c0 T fsFileSetSize
0000000000014bd0 00000000000001c0 t fsFileSetSize.localalias
0000000000014d90 00000000000001d4 T fsFileGetSize
0000000000014d90 00000000000001d4 t fsFileGetSize.localalias
0000000000014f70 0000000000000004 T fsFileClose
0000000000014f80 0000000000000004 T fsDirClose
0000000000014f90 0000000000000204 T fsDirRead
00000000000151a0 00000000000001e8 T fsStorageRead
0000000000015390 0000000000000004 T fsStorageClose
00000000000153a0 000000000000012c t _hidCleanup
00000000000154d0 00000000000000d4 t _hidCmdInAruidNoOut
00000000000155b0 00000000000000e0 t _hidCmdInU32AruidNoOut
0000000000015690 0000000000000194 t _hidGetStates
0000000000015830 000000000000026c T hidInitialize
0000000000015aa0 0000000000000048 T hidExit
0000000000015af0 000000000000000c T hidGetSharedmemAddr
0000000000015b00 0000000000000090 T hidGetNpadStyleSet
0000000000015b90 0000000000000084 T hidInitializeNpad
0000000000015c20 00000000000000a4 T hidGetNpadStatesFullKey
0000000000015cd0 00000000000000a4 T hidGetNpadStatesHandheld
0000000000015d80 00000000000000a4 T hidGetNpadStatesJoyDual
0000000000015e30 00000000000000a4 T hidGetNpadStatesJoyLeft
0000000000015ee0 00000000000000a4 T hidGetNpadStatesJoyRight
0000000000015f90 0000000000000144 T hidGetNpadStatesGc
00000000000160e0 00000000000000a8 T hidGetNpadStatesSystemExt
0000000000016190 0000000000000008 T hidSetSupportedNpadStyleSet
00000000000161a0 0000000000000100 T hidSetSupportedNpadIdType
00000000000162a0 00000000000000d0 t _nvCleanup
0000000000016370 00000000000000d4 t _nvCmdInitialize.constprop.0
0000000000016450 0000000000000018 W __nx_nv_create_tmem
0000000000016470 00000000000003a8 T nvInitialize
0000000000016820 0000000000000048 T nvExit
0000000000016870 00000000000000f4 T nvConvertError
0000000000016970 0000000000000114 T nvOpen
0000000000016a90 0000000000000310 T nvIoctl
0000000000016da0 00000000000000d4 T nvClose
0000000000016e80 000000000000010c T nvQueryEvent
0000000000016f90 000000000000027c t _timeCleanup
0000000000017210 0000000000000100 t _timeCmdGetSession.constprop.0
0000000000017310 0000000000000104 t _timeReadClockFromSharedMem
0000000000017420 0000000000000300 T timeInitialize
0000000000017720 0000000000000048 T timeExit
0000000000017770 0000000000000038 T timeGetServiceSession_SystemClock
00000000000177b0 00000000000000fc T timeGetCurrentTime
00000000000178b0 0000000000000108 T timeToCalendarTimeWithMyRule
00000000000179c0 0000000000000114 T timeToPosixTimeWithMyRule
0000000000017ae0 0000000000000230 t _viCleanup
0000000000017d10 0000000000000100 t _viCmdGetSessionNoParams.constprop.0
0000000000017e10 0000000000000368 T viInitialize
0000000000018180 0000000000000048 T viExit
00000000000181d0 000000000000000c T viGetSession_IHOSBinderDriverRelay
00000000000181e0 000000000000010c T viOpenDisplay
00000000000182f0 00000000000000ec T viCloseDisplay
00000000000183e0 00000000000000f4 T viCloseLayer
00000000000184e0 0000000000000394 T viCreateLayer
0000000000018880 00000000000000d8 T viSetLayerScalingMode
0000000000018960 0000000000000074 t _nvFenceCleanup
00000000000189e0 0000000000000098 T nvFenceInit
0000000000018a80 0000000000000048 T nvFenceExit
0000000000018ad0 0000000000000290 T nvFenceWait
0000000000018d60 000000000000007c T nvMultiFenceWait
0000000000018de0 00000000000000ac T nvMapInit
0000000000018e90 0000000000000074 T nvMapExit
0000000000018f10 000000000000008c T nvMapClose
0000000000018fa0 0000000000000160 T nvMapCreate
0000000000019100 0000000000000024 T nvioctlNvhostCtrl_EventSignal
0000000000019130 000000000000003c T nvioctlNvhostCtrl_EventWait
0000000000019170 0000000000000028 T nvioctlNvhostCtrl_EventWaitAsync
00000000000191a0 0000000000000024 T nvioctlNvhostCtrl_EventRegister
00000000000191d0 0000000000000024 T nvioctlNvhostCtrl_EventUnregister
0000000000019200 000000000000003c T nvioctlNvmap_Create
0000000000019240 0000000000000030 T nvioctlNvmap_Alloc
0000000000019270 0000000000000030 T nvioctlNvmap_Free
00000000000192a0 000000000000003c T nvioctlNvmap_GetId
00000000000192e0 000000000000001c T binderCreate
0000000000019300 000000000000035c T binderTransactParcel
0000000000019660 00000000000000e8 T binderConvertErrorCode
0000000000019750 0000000000000124 T binderAdjustRefcount
0000000000019880 000000000000009c T binderInitSession
0000000000019920 000000000000005c T binderClose
0000000000019980 0000000000000154 T binderGetNativeHandle
0000000000019ae0 00000000000000c8 T bqRequestBuffer
0000000000019bb0 0000000000000128 T bqDequeueBuffer
0000000000019ce0 00000000000000c8 T bqQueueBuffer
0000000000019db0 0000000000000084 T bqCancelBuffer
0000000000019e40 00000000000000d0 T bqConnect
0000000000019f10 0000000000000088 T bqDisconnect
0000000000019fa0 0000000000000194 T bqSetPreallocatedBuffer
000000000001a140 0000000000000030 T parcelCreate
000000000001a170 0000000000000174 T parcelTransact
000000000001a2f0 0000000000000080 T parcelWriteData
000000000001a370 0000000000000088 T parcelReadData
000000000001a400 0000000000000020 T parcelWriteInt32
000000000001a420 0000000000000020 T parcelWriteUInt32
000000000001a440 000000000000007c T parcelWriteString16
000000000001a4c0 0000000000000030 T parcelWriteInterfaceToken
000000000001a4f0 0000000000000024 T parcelReadInt32
000000000001a520 0000000000000068 T parcelReadFlattenedObject
000000000001a590 0000000000000044 T parcelWriteFlattenedObject
000000000001a5e0 0000000000000040 T libappletArgsCreate
000000000001a620 0000000000000068 T libappletCreateWriteStorage
000000000001a690 0000000000000044 T libappletArgsPush
000000000001a6e0 0000000000000034 T libappletPushInData
000000000001a720 0000000000000314 W argvSetup
000000000001aa40 00000000000001fc T __nx_dynamic
000000000001ac40 00000000000000d0 W __libnx_initheap
000000000001ad10 00000000000000ec W __appInit
000000000001ae00 0000000000000044 W __appExit
000000000001ae50 000000000000002c W __libnx_init
000000000001ae80 000000000000001c W __libnx_exit
000000000001aea0 000000000000001c T __syscall_exit
000000000001aec0 0000000000000034 T __syscall_getreent
000000000001af00 0000000000000004 T __syscall_lock_acquire
000000000001af10 0000000000000004 T __syscall_lock_release
000000000001af20 0000000000000004 T __syscall_lock_acquire_recursive
000000000001af30 0000000000000004 T __syscall_lock_release_recursive
000000000001af40 000000000000001c T __syscall_cond_broadcast
000000000001af60 000000000000003c T __syscall_cond_wait
000000000001afa0 0000000000000014 T __syscall_thread_self
000000000001afc0 000000000000002c T __syscall_thread_exit
000000000001aff0 0000000000000054 t __thread_entry
000000000001b050 0000000000000154 T __syscall_thread_create
000000000001b1b0 0000000000000058 T __syscall_thread_join
000000000001b210 0000000000000040 T __syscall_tls_create
000000000001b250 0000000000000018 T __syscall_tls_set
000000000001b270 0000000000000004 T __syscall_tls_get
000000000001b280 0000000000000018 T __syscall_tls_delete
000000000001b2a0 000000000000025c T __libnx_init_time
000000000001b500 00000000000000e8 T __syscall_clock_gettime
000000000001b5f0 0000000000000088 T __syscall_gettod_r
000000000001b680 0000000000000048 T __syscall_nanosleep
000000000001b6d0 0000000000000098 T newlibSetup
000000000001b770 00000000000000e8 T nxlinkSetup
000000000001b860 0000000000000030 T _convert_errno
000000000001b890 0000000000000060 T decode_utf16
000000000001b8f0 0000000000000058 T encode_utf16
000000000001b950 00000000000000d0 T encode_utf8
000000000001ba20 W __libnx_exception_entry
000000000001baac t __libnx_exception_entry_start
000000000001bbd4 t __libnx_exception_entry_abort
000000000001bbd8 t __libnx_exception_entry_end
000000000001bbe0 T __libnx_exception_returnentry
000000000001bc00 0000000000000070 T condvarWaitTimeout
000000000001bc70 0000000000000410 T randomGet
000000000001c080 0000000000000020 T randomGet64
000000000001c0a0 0000000000000014 T shmemLoadRemote
000000000001c0c0 0000000000000070 T shmemMap
000000000001c130 0000000000000034 T shmemUnmap
000000000001c170 000000000000004c T shmemClose
000000000001c1c0 00000000000000b0 T __libnx_init_thread
000000000001c270 000000000000034c T threadCreate
000000000001c5c0 00000000000000a4 T threadExit
000000000001c670 00000000000000ac t _EntryWrap
000000000001c720 0000000000000008 T threadStart
000000000001c730 000000000000002c T threadWaitForExit
000000000001c760 00000000000000a4 T threadClose
000000000001c810 0000000000000010 T threadTlsGet
000000000001c820 0000000000000010 T threadTlsSet
000000000001c830 00000000000000d8 T threadTlsAlloc
000000000001c910 0000000000000044 T threadTlsFree
000000000001c960 0000000000000184 T sessionmgrCreate
000000000001caf0 0000000000000084 T sessionmgrClose
000000000001cb80 00000000000000a8 T sessionmgrAttachClient
000000000001cc30 0000000000000060 T sessionmgrDetachClient
000000000001cc90 00000000000000d0 t _setsysGetFirmwareVersionImpl
000000000001cd60 0000000000000078 t _setsysCleanup
000000000001cde0 00000000000000a0 T setsysInitialize
000000000001ce80 0000000000000048 T setsysExit
000000000001ced0 0000000000000048 T setsysGetFirmwareVersion
000000000001cf20 0000000000000004 T operator delete(void*, unsigned long)
000000000001cf40 000000000000007c t get_adjusted_ptr(std::type_info const*, std::type_info const*, void**)
000000000001cfc0 0000000000000138 t read_encoded_value_with_base(unsigned char, unsigned long, unsigned char const*, unsigned long*)
000000000001d100 0000000000000064 t base_of_encoded_value(unsigned char, _Unwind_Context*)
000000000001d180 0000000000000108 t check_exception_spec(lsda_header_info*, std::type_info const*, void*, long)
000000000001d2a0 00000000000000f8 t parse_lsda_header(_Unwind_Context*, unsigned char const*, lsda_header_info*)
000000000001d3a0 0000000000000630 T __gxx_personality_v0
000000000001d9e0 0000000000000018 T __cxxabiv1::__terminate(void (*)())
000000000001da00 0000000000000010 T std::get_terminate()
000000000001da20 0000000000000010 T __cxxabiv1::__unexpected(void (*)())
000000000001da40 0000000000000010 T std::get_unexpected()
000000000001da60 0000000000000058 t __gxx_exception_cleanup(_Unwind_Reason_Code, _Unwind_Exception*)
000000000001dac0 0000000000000054 T __cxa_init_primary_exception
000000000001db20 000000000000005c T __cxa_throw
000000000001db80 0000000000000068 T operator new(unsigned long)
000000000001dc00 000000000000002c T std::chrono::_V2::steady_clock::now()
000000000001dc40 000000000000005c W std::__cxx11::basic_string<char, std::char_traits<char>, std::allocator<char> >::_M_create(unsigned long&, unsigned long)
000000000001dca0 0000000000000018 W std::__cxx11::basic_string<char, std::char_traits<char>, std::allocator<char> >::_M_dispose()
000000000001dcc0 0000000000000128 W std::__cxx11::basic_string<char, std::char_traits<char>, std::allocator<char> >::_M_mutate(unsigned long, unsigned long, char const*, unsigned long)
000000000001de00 00000000000000a4 W std::__cxx11::basic_string<char, std::char_traits<char>, std::allocator<char> >::reserve(unsigned long)
000000000001dec0 0000000000000174 W std::__cxx11::basic_string<char, std::char_traits<char>, std::allocator<char> >::_M_replace(unsigned long, unsigned long, char const*, unsigned long)
000000000001e040 00000000000000bc W std::__cxx11::basic_string<char, std::char_traits<char>, std::allocator<char> >::_M_append(char const*, unsigned long)
000000000001e100 000000000000002c W std::__cxx11::basic_string<char, std::char_traits<char>, std::allocator<char> >::append(char const*, unsigned long)
000000000001e140 000000000000000c t (anonymous namespace)::generic_error_category::name() const
000000000001e160 0000000000000024 t (anonymous namespace)::generic_error_category::equivalent(int, std::error_condition const&) const
000000000001e1a0 0000000000000010 T std::_V2::error_category::default_error_condition(int) const
000000000001e1c0 0000000000000024 T std::_V2::error_category::equivalent(std::error_code const&, int) const
000000000001e200 0000000000000108 t (anonymous namespace)::system_error_category::message[abi:cxx11](int) const
000000000001e200 0000000000000108 t (anonymous namespace)::generic_error_category::message[abi:cxx11](int) const
000000000001e320 0000000000000014 T std::system_error::~system_error()
000000000001e320 0000000000000014 T std::system_error::~system_error()
000000000001e340 000000000000001c T std::system_error::~system_error()
000000000001e360 0000000000000064 T std::_V2::error_category::_M_message[abi:cxx11](int) const
000000000001e3e0 0000000000000004 T std::_V2::error_category::~error_category()
000000000001e3e0 0000000000000004 T std::_V2::error_category::~error_category()
000000000001e400 0000000000000010 t (anonymous namespace)::generic_error_category::~generic_error_category()
000000000001e400 0000000000000010 t (anonymous namespace)::generic_error_category::~generic_error_category()
000000000001e420 0000000000000030 t (anonymous namespace)::generic_error_category::~generic_error_category()
000000000001e460 0000000000000058 t execute_native_thread_routine
000000000001e4c0 0000000000000004 T std::thread::_State::~_State()
000000000001e4c0 0000000000000004 T std::thread::_State::~_State()
000000000001e4e0 000000000000003c T std::thread::join()
000000000001e520 000000000000003c T std::thread::_M_start_thread(std::unique_ptr<std::thread::_State, std::default_delete<std::thread::_State> >, void (*)())
000000000001e560 000000000000000c T std::bad_alloc::what() const
000000000001e580 0000000000000014 T std::bad_alloc::~bad_alloc()
000000000001e580 0000000000000014 T std::bad_alloc::~bad_alloc()
000000000001e5a0 0000000000000020 T std::bad_alloc::~bad_alloc()
000000000001e5c0 0000000000000068 T __cxxabiv1::__class_type_info::__do_upcast(__cxxabiv1::__class_type_info const*, void**) const
000000000001e640 0000000000000010 T __cxxabiv1::__class_type_info::__do_find_public_src(long, void const*, __cxxabiv1::__class_type_info const*, void const*) const
000000000001e660 0000000000000014 T __cxxabiv1::__class_type_info::~__class_type_info()
000000000001e660 0000000000000014 T __cxxabiv1::__class_type_info::~__class_type_info()
000000000001e680 0000000000000020 T __cxxabiv1::__class_type_info::~__class_type_info()
000000000001e6a0 0000000000000090 T __cxxabiv1::__class_type_info::__do_upcast(__cxxabiv1::__class_type_info const*, void const*, __cxxabiv1::__class_type_info::__upcast_result&) const
000000000001e740 00000000000000a8 T __cxxabiv1::__class_type_info::__do_catch(std::type_info const*, void**, unsigned int) const
000000000001e800 00000000000000ec T __cxxabiv1::__class_type_info::__do_dyncast(long, __cxxabiv1::__class_type_info::__sub_kind, __cxxabiv1::__class_type_info const*, void const*, __cxxabiv1::__class_type_info const*, void const*, __cxxabiv1::__class_type_info::__dyncast_result&) const
000000000001e900 0000000000000004 T operator delete(void*)
000000000001e920 000000000000000c W __gnu_cxx::__concurrence_lock_error::what() const
000000000001e940 000000000000000c W __gnu_cxx::__concurrence_unlock_error::what() const
000000000001e960 0000000000000014 W __gnu_cxx::__concurrence_lock_error::~__concurrence_lock_error()
000000000001e960 0000000000000014 W __gnu_cxx::__concurrence_lock_error::~__concurrence_lock_error()
000000000001e980 0000000000000038 W __gnu_cxx::__concurrence_lock_error::~__concurrence_lock_error()
000000000001e9c0 0000000000000014 W __gnu_cxx::__concurrence_unlock_error::~__concurrence_unlock_error()
000000000001e9c0 0000000000000014 W __gnu_cxx::__concurrence_unlock_error::~__concurrence_unlock_error()
000000000001e9e0 0000000000000038 W __gnu_cxx::__concurrence_unlock_error::~__concurrence_unlock_error()
000000000001ea20 0000000000000110 t (anonymous namespace)::pool::free(void*) [clone .constprop.0]
000000000001eb40 00000000000000cc t (anonymous namespace)::pool::allocate(unsigned long) [clone .constprop.0]
000000000001ec20 0000000000000058 T __cxa_allocate_exception
000000000001ec80 0000000000000028 T __cxa_free_exception
000000000001ecc0 000000000000009c T __cxa_begin_catch
000000000001ed60 0000000000000004 T std::exception::~exception()
000000000001ed60 0000000000000004 T std::exception::~exception()
000000000001ed80 0000000000000044 t eh_globals_dtor(void*)
000000000001ede0 0000000000000080 T __cxa_get_globals
000000000001ee60 0000000000000010 T std::get_new_handler()
000000000001ee80 0000000000000014 T __cxxabiv1::__si_class_type_info::~__si_class_type_info()
000000000001ee80 0000000000000014 T __cxxabiv1::__si_class_type_info::~__si_class_type_info()
000000000001eea0 0000000000000020 T __cxxabiv1::__si_class_type_info::~__si_class_type_info()
000000000001eec0 0000000000000194 T __cxxabiv1::__si_class_type_info::__do_dyncast(long, __cxxabiv1::__class_type_info::__sub_kind, __cxxabiv1::__class_type_info const*, void const*, __cxxabiv1::__class_type_info const*, void const*, __cxxabiv1::__class_type_info::__dyncast_result&) const
000000000001f060 00000000000000a8 T __cxxabiv1::__si_class_type_info::__do_find_public_src(long, void const*, __cxxabiv1::__class_type_info const*, void const*) const
000000000001f120 0000000000000064 T __cxxabiv1::__si_class_type_info::__do_upcast(__cxxabiv1::__class_type_info const*, void const*, __cxxabiv1::__class_type_info::__upcast_result&) const
000000000001f1a0 0000000000000004 T std::type_info::~type_info()
000000000001f1a0 0000000000000004 T std::type_info::~type_info()
000000000001f1c0 0000000000000008 T std::type_info::__is_pointer_p() const
000000000001f1c0 0000000000000008 T std::type_info::__is_function_p() const
000000000001f1e0 0000000000000008 T std::logic_error::what() const
000000000001f1e0 0000000000000008 T std::runtime_error::what() const
000000000001f200 0000000000000074 T std::logic_error::~logic_error()
000000000001f200 0000000000000074 T std::logic_error::~logic_error()
000000000001f280 000000000000001c T std::logic_error::~logic_error()
000000000001f2a0 0000000000000014 T std::length_error::~length_error()
000000000001f2a0 0000000000000014 T std::length_error::~length_error()
000000000001f2c0 000000000000001c T std::length_error::~length_error()
000000000001f2e0 0000000000000074 T std::runtime_error::~runtime_error()
000000000001f2e0 0000000000000074 T std::runtime_error::~runtime_error()
000000000001f360 000000000000001c T std::runtime_error::~runtime_error()
000000000001f380 00000000000000f8 T std::logic_error::logic_error(char const*)
000000000001f380 00000000000000f8 T std::logic_error::logic_error(char const*)
000000000001f480 0000000000000030 T std::length_error::length_error(char const*)
000000000001f480 0000000000000030 T std::length_error::length_error(char const*)
000000000001f4c0 00000000000000cc T std::__cow_string::__cow_string(char const*, unsigned long)
000000000001f4c0 00000000000000cc T std::__cow_string::__cow_string(char const*, unsigned long)
000000000001f5a0 0000000000000080 W std::string::_Rep::_S_create(unsigned long, unsigned long, std::allocator<char> const&)
000000000001f620 0000000000000004 W std::string::_Rep::_M_destroy(std::allocator<char> const&)
000000000001f640 0000000000000008 T std::__cow_string::__cow_string(std::__cxx11::basic_string<char, std::char_traits<char>, std::allocator<char> > const&)
000000000001f640 0000000000000008 T std::__cow_string::__cow_string(std::__cxx11::basic_string<char, std::char_traits<char>, std::allocator<char> > const&)
000000000001f660 0000000000000044 T std::runtime_error::runtime_error(std::__cxx11::basic_string<char, std::char_traits<char>, std::allocator<char> > const&)
000000000001f660 0000000000000044 T std::runtime_error::runtime_error(std::__cxx11::basic_string<char, std::char_traits<char>, std::allocator<char> > const&)
000000000001f6c0 0000000000000298 t init_dwarf_reg_size_table
000000000001f960 000000000000018c t uw_install_context_1
000000000001fb00 000000000000018c t read_encoded_value
000000000001fca0 00000000000007f8 t execute_stack_op
00000000000204a0 0000000000000334 t uw_update_context_1
00000000000207e0 00000000000000f8 t uw_update_context
00000000000208e0 0000000000000868 t execute_cfa_program_specialized
0000000000021160 0000000000000898 t execute_cfa_program_generic
0000000000021a00 000000000000043c t uw_frame_state_for
0000000000021e40 000000000000036c t uw_init_context_1
00000000000221c0 0000000000000140 t _Unwind_RaiseException_Phase2
0000000000022300 0000000000000154 t _Unwind_ForcedUnwind_Phase2
0000000000022460 0000000000000050 t _Unwind_SetGR
00000000000224c0 0000000000000014 t _Unwind_GetIPInfo
00000000000224e0 0000000000000008 t _Unwind_SetIP
0000000000022500 0000000000000008 t _Unwind_GetLanguageSpecificData
0000000000022520 0000000000000008 t _Unwind_GetRegionStart
0000000000022540 0000000000000008 t _Unwind_GetDataRelBase
0000000000022560 0000000000000008 t _Unwind_GetTextRelBase
0000000000022580 0000000000000004 t _Unwind_DebugHook
00000000000225a0 00000000000001a4 t _Unwind_RaiseException
0000000000022760 000000000000012c t _Unwind_Resume
00000000000228a0 000000000000001c t _Unwind_DeleteException
00000000000228c0 0000000000000018 t fde_unencoded_compare
00000000000228e0 000000000000002c t fde_unencoded_extract
0000000000022920 00000000000000ec t frame_downheap
0000000000022a20 0000000000000138 t read_encoded_value_with_base
0000000000022b60 0000000000000220 t fde_radixsort
0000000000022d80 0000000000000110 t __deregister_frame_info_bases.part.0
0000000000022ea0 0000000000000124 t get_cie_encoding
0000000000022fe0 00000000000000d8 t fde_mixed_encoding_extract
00000000000230c0 00000000000001e0 t classify_object_over_fdes.constprop.0
00000000000232a0 00000000000000bc t fde_single_encoding_extract
0000000000023360 00000000000000a8 t fde_single_encoding_compare
0000000000023420 000000000000010c t fde_mixed_encoding_compare
0000000000023540 0000000000000234 t add_fdes.isra.0
0000000000023780 00000000000002e8 t linear_search_fdes
0000000000023a80 0000000000000558 t search_object
0000000000023fe0 0000000000000060 t __register_frame_info
0000000000024040 0000000000000018 t __deregister_frame_info
0000000000024060 00000000000001d0 t _Unwind_Find_FDE
0000000000024230 0000000000000030 T __arm_za_disable
0000000000024230 0000000000000030 t __libgcc_arm_za_disable
0000000000024260 00000000000000a0 T __arm_tpidr2_save
0000000000024260 00000000000000a0 t __libgcc_arm_tpidr2_save
0000000000024300 00000000000000c4 T strncat
00000000000243e0 0000000000000024 T getenv
0000000000024440 00000000000000cc T strchr
0000000000024540 00000000000000b8 T strnlen
0000000000024600 00000000000000b4 T bsearch
00000000000246c0 000000000000022c T memcpy
00000000000246c0 T memmove
0000000000024900 0000000000000120 T _fopen_r
0000000000024a20 000000000000002c T fopen
0000000000024a60 000000000000001c T close
0000000000024a80 0000000000000028 T gmtime
0000000000024ac0 0000000000000104 T memset
0000000000024be0 00000000000000f8 T snprintf
0000000000024ce0 00000000000001a4 t _strtoul_l.isra.0
0000000000024ea0 0000000000000040 T strtoul
0000000000024f00 000000000000012c T strcpy
0000000000025040 0000000000000018 T isspace
0000000000025060 0000000000000184 T _fgets_r
0000000000025200 0000000000000034 T fgets
0000000000025240 000000000000002c T aligned_alloc
0000000000025280 000000000000018c T _memalign_r
0000000000025420 0000000000000014 T __errno
0000000000025440 0000000000000018 T abort
0000000000025480 0000000000000130 T strlen
00000000000255c0 00000000000001b4 T strncmp
0000000000025780 0000000000000840 T _malloc_r
0000000000025fc0 00000000000001c8 T memcmp
00000000000261a0 000000000000011c T _malloc_trim_r
00000000000262c0 00000000000002d8 T _free_r
00000000000265a0 0000000000000278 T setvbuf
0000000000026820 000000000000001c t stdio_exit_handler
0000000000026840 000000000000006c t cleanup_stdio
00000000000268c0 0000000000000128 t global_stdio_init.part.0
0000000000026a00 000000000000000c T __sfp_lock_acquire
0000000000026a20 000000000000000c T __sfp_lock_release
0000000000026a40 0000000000000130 T __sfp
0000000000026b80 0000000000000054 T __sinit
0000000000026be0 00000000000000a4 T __libc_init_array
0000000000026ca0 00000000000000ac T strncpy
0000000000026d60 0000000000000004 T _fseek_r
0000000000026d80 0000000000000024 T toupper
0000000000026dc0 0000000000000038 T malloc
0000000000026e00 000000000000001c T free
0000000000026e20 00000000000000d4 T _puts_r
0000000000026f00 000000000000001c T puts
0000000000026f20 00000000000000f4 T _findenv_r
0000000000027020 000000000000004c T __sread
0000000000027080 0000000000000070 T __swrite
0000000000027100 0000000000000050 T __sseek
0000000000027160 0000000000000008 T __sclose
0000000000027180 000000000000000c T __malloc_lock
00000000000271a0 000000000000000c T __malloc_unlock
00000000000271c0 00000000000004c0 T _fseeko_r
0000000000027680 0000000000000130 T _fclose_r
00000000000277c0 000000000000001c T fclose
00000000000277e0 0000000000000048 T time
0000000000027840 0000000000000080 T fprintf
00000000000278c0 0000000000000034 T setenv
0000000000027900 0000000000000004 W __call_exitprocs
0000000000027904 0000000000000790 t get_arg
0000000000028094 0000000000003a84 T _svfprintf_r
000000000002bb20 00000000000000b8 T __sflags
000000000002bc00 0000000000000134 T strcmp
000000000002bd40 0000000000000044 T __libc_fini_array
000000000002bda0 00000000000002a0 T gmtime_r
000000000002c040 00000000000000b0 T __xpg_strerror_r
000000000002c100 00000000000000dc T memchr
000000000002c1e0 0000000000000038 t lflush
000000000002c220 0000000000000190 T __srefill_r
000000000002c3c0 000000000000007c T frexp
000000000002c440 000000000000000c T __env_lock
000000000002c460 000000000000000c T __env_unlock
000000000002c480 0000000000000258 T _setenv_r
000000000002c6e0 0000000000000098 T _fwalk_sglue
000000000002c778 0000000000000790 t get_arg
000000000002cf08 0000000000003bd4 T _vfprintf_r
0000000000030adc 00000000000000cc t __sbprintf
0000000000030bc0 00000000000000d0 T _wcrtomb_r
0000000000030ca0 00000000000000c8 T __ssprint_r
0000000000030d80 00000000000004a4 T __sfvwrite_r
0000000000031240 000000000000009c T _raise_r
00000000000312e0 000000000000001c T raise
0000000000031300 0000000000000418 T _strerror_r
0000000000031720 00000000000000b0 T __swhatbuf_r
00000000000317e0 00000000000000e8 T __smakebuf_r
00000000000318e0 000000000000002c T __locale_mb_cur_max
0000000000031920 00000000000001ec T __sflush_r
0000000000031b20 00000000000000bc T _fflush_r
0000000000031be0 0000000000000038 T __sprint_r
0000000000031c20 00000000000001a4 t quorem
0000000000031de0 00000000000012f0 T _dtoa_r
00000000000330e0 0000000000000010 T _wcsrtombs_r
0000000000033100 000000000000012c T __swsetup_r
0000000000033240 0000000000000008 T __localeconv_l
0000000000033260 0000000000000028 T _localeconv_r
00000000000332a0 0000000000000568 T _realloc_r
0000000000033820 0000000000000008 T _user_strerror
0000000000033840 0000000000000188 T __ssputs_r
00000000000339e0 00000000000000e0 T __utf8_wctomb
0000000000033ac0 0000000000000188 T _wcsnrtombs_l
0000000000033c60 0000000000000054 T _wcsnrtombs_r
0000000000033cc0 0000000000000064 T __assert_func
0000000000033d40 00000000000000a4 T _Balloc
0000000000033e00 0000000000000020 T _Bfree
0000000000033e20 0000000000000118 T __multadd
0000000000033f40 0000000000000094 T __hi0bits
0000000000033fe0 0000000000000100 T __lo0bits
00000000000340e0 000000000000004c T __i2b
0000000000034140 0000000000000210 T __multiply
0000000000034360 0000000000000104 T __pow5mult
0000000000034480 0000000000000174 T __lshift
0000000000034600 0000000000000050 T __mcmp
0000000000034660 00000000000001c4 T __mdiff
0000000000034840 000000000000014c T __d2b
00000000000349a0 00000000000002dc T __utf8_mbtowc
0000000000034c80 0000000000000080 T fiprintf
0000000000034d00 00000000000000bc T _calloc_r
0000000000034dbc 0000000000000790 t get_arg
000000000003554c 0000000000002964 T _vfiprintf_r
0000000000037eb0 00000000000000cc t __sbprintf
0000000000037f80 0000000000000020 T _exit
0000000000037fa0 000000000000016c T chdir
0000000000038120 0000000000000030 T clock_gettime
0000000000038160 0000000000000218 T _concatenate_path
0000000000038380 000000000000009c T _fstat_r
0000000000038420 0000000000000010 T _getpid_r
0000000000038440 0000000000000020 T __getreent
0000000000038460 0000000000000024 T _gettimeofday_r
00000000000384a0 00000000000000a0 T __release_handle
0000000000038540 0000000000000130 T __alloc_handle
0000000000038680 0000000000000060 T __get_handle
00000000000386e0 00000000000000f4 T _close_r
00000000000387e0 0000000000000008 t null_write
0000000000038800 0000000000000018 T setDefaultDevice
0000000000038820 00000000000000b8 T FindDevice
00000000000388e0 000000000000002c T RemoveDevice
0000000000038920 00000000000000a4 T AddDevice
00000000000389e0 0000000000000034 T GetDeviceOpTab
0000000000038a20 0000000000000008 T _isatty_r
0000000000038a40 0000000000000010 T _kill_r
0000000000038a60 00000000000000a0 T _lseek_r
0000000000038b00 0000000000000088 T mkdir
0000000000038ba0 000000000000006c T pthread_mutex_lock
0000000000038c20 000000000000006c T pthread_mutex_unlock
0000000000038ca0 000000000000001c T pthread_attr_init
0000000000038cc0 000000000000007c T pthread_create
0000000000038d40 000000000000003c T pthread_join
0000000000038d80 00000000000000d4 T pthread_once
0000000000038e60 0000000000000024 T pthread_key_create
0000000000038ea0 0000000000000018 T pthread_setspecific
0000000000038ec0 0000000000000018 T pthread_getspecific
0000000000038ee0 0000000000000018 T pthread_key_delete
0000000000038f00 000000000000003c T nanosleep
0000000000038f40 00000000000000f0 T _open_r
0000000000039040 00000000000000b0 T _read_r
0000000000039100 0000000000000078 W _sbrk_r
0000000000039180 0000000000000014 T timespec2nsec
00000000000391a0 0000000000000014 T __libc_lock_acquire
00000000000391c0 0000000000000014 T __libc_lock_release
00000000000391e0 0000000000000014 T __libc_lock_acquire_recursive
0000000000039200 0000000000000014 T __libc_lock_release_recursive
0000000000039220 0000000000000018 T __libc_cond_broadcast
0000000000039240 0000000000000018 T __libc_cond_wait
0000000000039260 00000000000000b0 T _write_r
0000000000039320 0000000000000380 t __trunctfdf2
00000000000396a0 0000000000000070 t __sfp_handle_exceptions
0000000000039740 0000000000000104 T strrchr
0000000000039848 T _init
0000000000039880 T _fini
000000000003b148 0000000000000002 r C.36.0
000000000003b168 0000000000000014 r CSWTCH.1000
000000000003b180 0000000000000038 r g_nvColorFmtTable
000000000003b1b8 0000000000000024 r s_emptyFence.0
000000000003b360 0000000000000018 r grayScale
000000000003b378 0000000000000006 r colorCube
000000000003b380 0000000000000030 r colorTable
000000000003b3b0 0000000000000020 r error_table
000000000003b410 0000000000000024 r g_defaultSocketInitConfig
000000000003b440 0000000000000011 r xdigits_u.0
000000000003b460 0000000000000011 r xdigits_l.1
000000000003b478 R default_font_bin
000000000003d478 R default_font_bin_end
000000000003d478 0000000000000038 r g_defaultBsdInitConfig
000000000003d520 0000000000000023 r g_bq_InterfaceDescriptor
000000000003d550 0000000000000086 r _error_code_map
000000000003d5d8 0000000000000019 V typeinfo name for std::_V2::error_category
000000000003d5f8 0000000000000011 V typeinfo name for std::system_error
000000000003d610 000000000000002a r typeinfo name for (anonymous namespace)::generic_error_category
000000000003d640 000000000000000d V typeinfo name for std::bad_alloc
000000000003d650 0000000000000022 V typeinfo name for __cxxabiv1::__class_type_info
000000000003d678 0000000000000027 V typeinfo name for __gnu_cxx::__concurrence_lock_error
000000000003d6a0 0000000000000029 V typeinfo name for __gnu_cxx::__concurrence_unlock_error
000000000003d6d0 000000000000000d V typeinfo name for std::exception
000000000003d6e0 0000000000000020 V typeinfo name for __cxxabiv1::__forced_unwind
000000000003d700 0000000000000024 V typeinfo name for __cxxabiv1::__foreign_exception
000000000003d728 0000000000000025 V typeinfo name for __cxxabiv1::__si_class_type_info
000000000003d750 000000000000000d V typeinfo name for std::type_info
000000000003d760 0000000000000010 V typeinfo name for std::logic_error
000000000003d770 0000000000000011 V typeinfo name for std::length_error
000000000003d788 0000000000000012 V typeinfo name for std::runtime_error
000000000003d8b8 0000000000000008 r terminator.0
000000000003d8c0 0000000000000001 R __aarch64_have_sme
000000000003da00 0000000000000010 r zeroes.0
000000000003da10 0000000000000010 r blanks.1
000000000003da20 0000000000000101 R _ctype_
000000000003dc20 0000000000000010 r zeroes.0
000000000003dc30 0000000000000010 r blanks.1
000000000003dc40 000000000000006c R __action_table
000000000003dcb0 000000000000006c R __state_table
000000000003dd20 0000000000000100 R __chclass
000000000003df40 000000000000000c r p05.0
000000000003df50 0000000000000028 R __mprec_bigtens
000000000003df78 00000000000000c8 R __mprec_tens
000000000003e140 0000000000000010 r zeroes.0
000000000003e150 0000000000000010 r blanks.1
000000000003e160 r __tls_align
000000000003e3fe r __eh_frame_hdr_end
000000000003e3fe r __eh_frame_hdr_start
000000000003e400 r __EH_FRAME_BEGIN__
00000000000468ec r __FRAME_END__
0000000000047000 d __frame_dummy_init_array_entry
0000000000047000 d __init_array_start
0000000000047000 d __preinit_array_end
0000000000047000 d __preinit_array_start
0000000000047000 d __relro_start
0000000000047020 d __do_global_dtors_aux_fini_array_entry
0000000000047020 d __fini_array_start
0000000000047020 d __init_array_end
0000000000047040 d __fini_array_end
0000000000047040 0000000000000028 V vtable for std::thread::_State_impl<std::thread::_Invoker<std::tuple<void (*)(std::__cxx11::basic_string<char, std::char_traits<char>, std::allocator<char> >), std::__cxx11::basic_string<char, std::char_traits<char>, std::allocator<char> > > > >
0000000000047068 0000000000000100 d dotab_stdout
0000000000047168 0000000000000100 d fsdev_devoptab
0000000000047268 0000000000000100 d romFS_devoptab
0000000000047368 0000000000000100 d g_socketDevoptab
0000000000047468 0000000000000100 D dotab_stdnull
0000000000047568 0000000000000010 V typeinfo for std::_V2::error_category
0000000000047578 0000000000000018 V typeinfo for std::system_error
0000000000047590 0000000000000018 d typeinfo for (anonymous namespace)::generic_error_category
00000000000475a8 0000000000000050 d vtable for (anonymous namespace)::generic_error_category
00000000000475f8 0000000000000028 V vtable for std::system_error
0000000000047620 0000000000000018 V typeinfo for std::bad_alloc
0000000000047638 0000000000000028 V vtable for std::bad_alloc
0000000000047660 0000000000000018 V typeinfo for __cxxabiv1::__class_type_info
0000000000047678 0000000000000058 V vtable for __cxxabiv1::__class_type_info
00000000000476d0 0000000000000018 V typeinfo for __gnu_cxx::__concurrence_lock_error
00000000000476e8 0000000000000018 V typeinfo for __gnu_cxx::__concurrence_unlock_error
0000000000047700 0000000000000028 V vtable for __gnu_cxx::__concurrence_lock_error
0000000000047728 0000000000000028 V vtable for __gnu_cxx::__concurrence_unlock_error
0000000000047750 0000000000000010 V typeinfo for std::exception
0000000000047760 0000000000000010 V typeinfo for __cxxabiv1::__forced_unwind
0000000000047770 0000000000000010 V typeinfo for __cxxabiv1::__foreign_exception
0000000000047780 0000000000000018 V typeinfo for __cxxabiv1::__si_class_type_info
0000000000047798 0000000000000058 V vtable for __cxxabiv1::__si_class_type_info
00000000000477f0 0000000000000010 V typeinfo for std::type_info
0000000000047800 0000000000000018 V typeinfo for std::logic_error
0000000000047818 0000000000000018 V typeinfo for std::length_error
0000000000047830 0000000000000018 V typeinfo for std::runtime_error
0000000000047848 0000000000000028 V vtable for std::logic_error
0000000000047870 0000000000000028 V vtable for std::length_error
0000000000047898 0000000000000028 V vtable for std::runtime_error
00000000000478c0 a _DYNAMIC
0000000000047a10 a _GLOBAL_OFFSET_TABLE_
0000000000047a10 d __got_start__
0000000000047dc8 d __got_end__
0000000000048000 d __data_start
0000000000048000 0000000000000001 D g_thread_running
0000000000048008 0000000000000008 V DW.ref.__gxx_personality_v0
0000000000048010 0000000000000008 V __nx_applet_init_timeout
0000000000048018 0000000000000001 V __nx_applet_auto_notifyrunning
000000000004801c 0000000000000004 V __nx_applet_type
0000000000048020 0000000000000008 d currentConsole
0000000000048028 0000000000000050 d defaultConsole
0000000000048078 0000000000000088 d s_consoleSwRenderer
0000000000048100 0000000000000001 V __nx_fsdev_support_cwd
0000000000048104 0000000000000004 V __nx_fsdev_direntry_cache_size
0000000000048108 0000000000000008 d g_bsdClientPid
0000000000048110 0000000000000004 V __nx_fs_num_sessions
0000000000048114 0000000000000004 V __nx_nv_transfermem_size
0000000000048118 0000000000000004 V __nx_nv_service_type
000000000004811c 0000000000000004 d g_viServiceType
0000000000048120 0000000000000004 V __nx_vi_stray_layer_flags
0000000000048124 0000000000000004 d g_ctrl_fd
0000000000048128 0000000000000004 d g_nvmap_fd
0000000000048130 0000000000000008 V __nx_exception_stack_size
0000000000048138 0000000000000008 D __cxxabiv1::__unexpected_handler
0000000000048140 0000000000000008 d (anonymous namespace)::generic_category_instance
0000000000048148 0000000000000008 D __cxxabiv1::__terminate_handler
0000000000048150 0000000000000008 D _impure_ptr
0000000000048158 0000000000000240 D _impure_data
0000000000048398 0000000000000008 D __malloc_sbrk_base
00000000000483a0 0000000000000008 D __malloc_trim_threshold
00000000000483a8 0000000000000810 D __malloc_av_
0000000000048bb8 0000000000000018 D __sglue
0000000000048bd0 0000000000000008 D environ
0000000000048bd8 0000000000000290 D __global_locale
0000000000048e70 0000000000000400 d _current_working_directory
0000000000049280 0000000000002000 d handles
000000000004b280 0000000000000010 d __stderr_handle
000000000004b290 0000000000000010 d __stdout_handle
000000000004b2a0 0000000000000010 d __stdin_handle
000000000004b2b0 0000000000000118 D devoptab_list
000000000004b3c8 0000000000000004 d defaultDevice
000000000004b3d0 b __bss_start__
000000000004b3d0 b completed.1
000000000004b3d0 d __tdata_lma
000000000004b3d0 d __tdata_lma_end
000000000004b3d8 b object.0
000000000004b408 0000000000000020 b kConfigFile
000000000004b428 0000000000000020 b kConfigDir
000000000004b448 0000000000000004 B g_fps_counter
000000000004b450 0000000000000001 B g_camera_connected
000000000004b458 000000000000000c B g_frame_mutex
000000000004b468 0000000000000018 B g_latest_frame
000000000004b480 0000000000000008 b g_appletGuard
000000000004b488 0000000000000001 b g_appletInfoInitialized
000000000004b490 0000000000000050 b g_appletInfo
000000000004b4e0 0000000000000004 b g_appletCpuBoostMode
000000000004b4e4 0000000000000004 b g_appletThemeColorType
000000000004b4e8 000000000000000c b g_appletLibraryAppletLaunchableEvent
000000000004b4f4 0000000000000001 b g_appletSuspendedTickInitialized
000000000004b4f8 0000000000000008 b g_appletSuspendedTick
000000000004b500 0000000000000008 b g_appletInitTickBase
000000000004b508 000000000000000c b g_appletSuspendedTickEvent
000000000004b514 0000000000000001 b g_appletCopyrightInitialized
000000000004b518 0000000000000028 b g_appletCopyrightTmem
000000000004b540 0000000000000004 b g_appletRecordingInitialized
000000000004b548 0000000000000028 b g_appletRecordingTmem
000000000004b570 0000000000000018 b g_appletFirstHook
000000000004b588 0000000000000001 b g_appletNotifiedRunning
000000000004b589 0000000000000001 b g_appletFocusState
000000000004b58c 0000000000000004 b g_appletPerformanceMode
000000000004b590 0000000000000001 b g_appletOperationMode
000000000004b598 0000000000000008 b g_appletResourceUserId
000000000004b5a0 000000000000000c b g_appletMessageEvent
000000000004b5b0 0000000000000010 b g_appletIDebugFunctions
000000000004b5c0 0000000000000010 b g_appletIDisplayController
000000000004b5d0 0000000000000010 b g_appletIAudioController
000000000004b5e0 0000000000000010 b g_appletIWindowController
000000000004b5f0 0000000000000010 b g_appletISelfController
000000000004b600 0000000000000010 b g_appletICommonStateGetter
000000000004b610 0000000000000010 b g_appletILibraryAppletCreator
000000000004b620 0000000000000010 b g_appletIProcessWindingController
000000000004b630 0000000000000010 b g_appletILibraryAppletSelfAccessor
000000000004b640 0000000000000010 b g_appletIApplicationCreator
000000000004b650 0000000000000010 b g_appletIGlobalStateController
000000000004b660 0000000000000010 b g_appletIFunctions
000000000004b670 0000000000000010 b g_appletIAppletCommonFunctions
000000000004b680 0000000000000004 b g_appletExitProcessResult
000000000004b684 0000000000000001 b g_appletExitProcessFlag
000000000004b685 0000000000000001 b g_appletLeftInitialized
000000000004b688 0000000000000010 b g_appletProxySession
000000000004b698 0000000000000010 b g_appletSrv
000000000004b6a8 0000000000000004 V __nx_applet_exit_mode
000000000004b6b0 0000000000000008 V __nx_applet_PerformanceConfiguration
000000000004b6b8 0000000000000080 V __nx_applet_AppletAttribute
000000000004b738 0000000000000008 b g_smGuard
000000000004b740 0000000000000008 b g_smOverridesNum
000000000004b748 0000000000000180 b g_smOverrides
000000000004b8c8 0000000000000010 b g_smSrv
000000000004b8d8 0000000000000080 b g_defaultWin
000000000004b958 0000000000000010 b g_viLayer
000000000004b968 0000000000000050 b g_viDisplay
000000000004b9b8 0000000000000008 b g_userIdStorage
000000000004b9c0 0000000000000010 b g_randomSeed
000000000004b9d0 0000000000000001 b g_hasRandomSeed
000000000004b9d4 0000000000000004 b g_lastLoadResult
000000000004b9d8 0000000000000008 b g_nextLoadArgv
000000000004b9e0 0000000000000008 b g_nextLoadPath
000000000004b9e8 0000000000000004 b g_processHandle
000000000004b9f0 0000000000000018 b g_syscallHints
000000000004ba08 0000000000000008 b g_overrideArgv
000000000004ba10 0000000000000008 b g_overrideHeapSize
000000000004ba18 0000000000000008 b g_overrideHeapAddr
000000000004ba20 0000000000000008 b g_loaderRetAddr
000000000004ba28 0000000000000004 b g_mainThreadHandle
000000000004ba30 0000000000000008 b g_loaderInfoSize
000000000004ba38 0000000000000008 b g_loaderInfo
000000000004ba40 0000000000000001 b g_isNso
000000000004ba44 0000000000000004 b g_hosVersion
000000000004ba48 0000000000000001 b didFirstConsoleInit.0
000000000004ba50 0000000000000068 b escapeSeq
000000000004bab8 0000000000000050 b currentCopy
000000000004bb10 0000000000002800 b fsdev_fsdevices
000000000004e310 0000000000000004 b fsdev_fsdevice_cwd
000000000004e314 0000000000000001 b fsdev_initialised
000000000004e318 0000000000000008 V __romfs_path
000000000004e320 0000000000003b00 b romfs_mounts
0000000000051e20 0000000000000001 b romfs_initialised
0000000000051e28 B __stack_top
0000000000051e30 0000000000000001 b g_IsLegacyKernel
0000000000051e38 0000000000000008 b g_Reservations
0000000000051e40 0000000000000010 b g_StackRegion
0000000000051e50 0000000000000010 b g_AslrRegion
0000000000051e60 0000000000000010 b g_HeapRegion
0000000000051e70 0000000000000010 b g_AliasRegion
0000000000051e80 0000000000000004 b g_VirtmemMutex
0000000000051e88 0000000000000008 b g_apmGuard
0000000000051e90 0000000000000010 b g_apmISession
0000000000051ea0 0000000000000010 b g_apmSrv
0000000000051eb0 0000000000000008 b g_bsdGuard
0000000000051eb8 0000000000000028 b g_bsdTmem
0000000000051ee0 0000000000000054 b g_bsdSessionMgr
0000000000051f38 0000000000000010 b g_bsdMonitor
0000000000051f48 0000000000000010 b g_bsdSrv
0000000000051f58 0000000000000008 b g_fsGuard
0000000000051f60 0000000000000054 b g_fsSessionMgr
0000000000051fb8 0000000000000010 b g_fsSrv
0000000000051fc8 0000000000000008 b g_hidGuard
0000000000051fd0 0000000000000008 b g_sevenSixAxisSensorBuffer
0000000000051fd8 0000000000000020 b g_hidSharedmem
0000000000051ff8 0000000000000010 b g_hidIActiveVibrationDeviceList
0000000000052008 0000000000000010 b g_hidIAppletResource
0000000000052018 0000000000000010 b g_hidSrv
0000000000052028 0000000000000008 b g_nvGuard
0000000000052030 0000000000000028 b g_nvTransfermem
0000000000052058 0000000000000010 b g_nvSrvClone
0000000000052068 0000000000000010 b g_nvSrv
0000000000052078 0000000000000008 b g_timeGuard
0000000000052080 0000000000000020 b g_timeSharedmem
00000000000520a0 0000000000000010 b g_timeLocalSystemClock
00000000000520b0 0000000000000010 b g_timeTimeZoneService
00000000000520c0 0000000000000010 b g_timeSteadyClock
00000000000520d0 0000000000000010 b g_timeNetworkSystemClock
00000000000520e0 0000000000000010 b g_timeUserSystemClock
00000000000520f0 0000000000000010 b g_timeSrv
0000000000052100 0000000000000004 V __nx_time_service_type
0000000000052108 0000000000000008 b g_viGuard
0000000000052110 0000000000000010 b g_viIHOSBinderDriverIndirect
0000000000052120 0000000000000010 b g_viIManagerDisplayService
0000000000052130 0000000000000010 b g_viISystemDisplayService
0000000000052140 0000000000000010 b g_viIHOSBinderDriverRelay
0000000000052150 0000000000000010 b g_viIApplicationDisplayService
0000000000052160 0000000000000010 b g_viRootService
0000000000052170 0000000000000008 V __nx_vi_layer_id
0000000000052178 0000000000000008 b g_nvFenceGuard
0000000000052180 0000000000000300 b g_NvEvents
0000000000052480 0000000000000008 b g_NvEventUsedMask
0000000000052488 0000000000000008 b g_nvMapGuard
0000000000052490 0000000000000008 b g_argv_empty
0000000000052498 0000000000000008 B __system_argv
00000000000524a0 0000000000000004 B __system_argc
00000000000524b0 0000000000000340 B __nx_exceptiondump
00000000000527f0 0000000000000004 V __nx_exception_ignoredebug
0000000000052800 0000000000000400 V __nx_exception_stack
0000000000052c00 0000000000000008 V __nx_heap_size
0000000000052c08 0000000000000008 b __bootticks
0000000000052c10 0000000000000008 b __boottime
0000000000052c18 0000000000000004 V __nx_time_type
0000000000052c20 0000000000000004 B __nxlink_host
0000000000052c24 0000000000000004 b g_randMutex
0000000000052c28 0000000000000001 b g_randInit
0000000000052c30 0000000000000040 b g_chacha
0000000000052c70 0000000000000060 b g_tlsDestructors
0000000000052cd0 0000000000000008 b g_tlsUsageMask
0000000000052ce0 0000000000000038 b g_mainThread
0000000000052d18 0000000000000008 b g_threadList
0000000000052d20 0000000000000004 b g_threadMutex
0000000000052d28 0000000000000008 b g_setsysGuard
0000000000052d30 0000000000000010 b g_setsysSrv
0000000000052d40 0000000000000028 b (anonymous namespace)::emergency_pool
0000000000052d68 0000000000000004 b init
0000000000052d6c 0000000000000001 B __eh_globals_init::_S_init
0000000000052d70 0000000000000010 b (anonymous namespace)::eh_globals
0000000000052d80 0000000000000008 b (anonymous namespace)::__new_handler
0000000000052d88 0000000000000020 V std::string::_Rep::_S_empty_rep_storage
0000000000052da8 0000000000000004 b once_regsizes.0
0000000000052db0 0000000000000062 b dwarf_reg_size_table
0000000000052e18 000000000000000c b object_mutex
0000000000052e28 0000000000000008 b seen_objects
0000000000052e30 0000000000000008 b unseen_objects
0000000000052e38 0000000000000050 B __malloc_current_mallinfo
0000000000052e88 0000000000000008 B __malloc_max_total_mem
0000000000052e90 0000000000000008 B __malloc_max_sbrked_mem
0000000000052e98 0000000000000008 B __malloc_top_pad
0000000000052ea0 0000000000000008 b __sfp_recursive_mutex
0000000000052ea8 0000000000000228 B __sf
00000000000530d0 0000000000000008 B __stdio_exit_handler
00000000000530d8 0000000000000008 b __malloc_recursive_mutex
00000000000530e0 0000000000000008 b __env_recursive_mutex
00000000000530e8 0000000000000004 b alloced.0
00000000000530f0 0000000000000008 b initial_env
0000000000053100 0000000000000400 b temp_cwd
0000000000053500 0000000000000004 b __hndl_lock
0000000000053508 0000000000000008 B fake_heap_start
0000000000053510 0000000000000008 B fake_heap_end
0000000000053518 0000000000000004 b __pthread_once_cv
000000000005351c 0000000000000004 b __pthread_once_lock
0000000000053520 0000000000000008 b heap_start.0
0000000000053528 b __tls_start
0000000000053940 b __bss_end__
0000000000053940 b __end__
0000000000053940 b __tls_end
0000000000054000 b __argdata__
